Many modules are hidden in this stack. Use "module --show_hidden spider SOFTWARE" if you are not able to find the required software
Many modules are hidden in this stack. Use "module --show_hidden spider SOFTWARE" if you are not able to find the required software
Filename: /cluster/home/zhuyin/work/spice_psf/spice_data/solo_L2_spice-n-ras_20221029T191144_V22_150995443-048.fits
No.    Name      Ver    Type      Cards   Dimensions   Format
  0  O III 703 / Mg IX 706 (Merged)    1 PrimaryHDU     426   (128, 832, 40, 1)   float32   
  1  Fe XX 721 + O II (Merged)    1 ImageHDU       427   (128, 832, 40, 1)   float32   
  2  N IV 765 - SH - Comp 8 ... Ne VIII 770 - LH - Comp 8 (Merged)    1 ImageHDU       427   (128, 832, 72, 1)   float32   
  3  Ly-gamma-CIII group (Merged)    1 ImageHDU       427   (128, 832, 60, 1)   float32   
  4  Ly Beta 1025 (Merged)    1 ImageHDU       427   (128, 832, 31, 1)   float32   
  5  O VI 1032 (Merged)    1 ImageHDU       427   (128, 832, 31, 1)   float32   
  6  VARIABLE_KEYWORDS    1 BinTableHDU    385   1R x 27C   [128D, 128I, 128I, 128I, 128I, 128I, 128E, 128E, 128E, 128E, 4I, 4I, 4I, 4I, 4J, 4J, 4J, 4J, 2944A, 128D, 128D, 40D, 40D, 72D, 60D, 31D, 31D]   
  7  WCSDVARR      1 ImageHDU        28   (128,)   float64   
  8  WCSDVARR      2 ImageHDU        28   (128,)   float64   
[[-5.  -5.  -5.  -5.  -5. ]
 [-2.5 -2.5 -2.5 -2.5 -2.5]
 [ 0.   0.   0.   0.   0. ]
 [ 2.5  2.5  2.5  2.5  2.5]
 [ 5.   5.   5.   5.   5. ]] [[-5.  -2.5  0.   2.5  5. ]
 [-5.  -2.5  0.   2.5  5. ]
 [-5.  -2.5  0.   2.5  5. ]
 [-5.  -2.5  0.   2.5  5. ]
 [-5.  -2.5  0.   2.5  5. ]]
/cluster/home/zhuyin/scripts/spice-line-fits/linefit_modules/util.py:92: RuntimeWarning: All-NaN slice encountered
  spice_dat = copy.deepcopy(spice_dat_in) - np.nanmean(np.nanmin(spice_dat_in,axis=0))
/cluster/home/zhuyin/scripts/spice-line-fits/linefit_modules/util.py:94: RuntimeWarning: Mean of empty slice
  signal = np.nanmean(signal_cube,axis=(0,2))
/cluster/home/zhuyin/scripts/spice-line-fits/linefit_modules/util.py:92: RuntimeWarning: All-NaN slice encountered
  spice_dat = copy.deepcopy(spice_dat_in) - np.nanmean(np.nanmin(spice_dat_in,axis=0))
/cluster/home/zhuyin/scripts/spice-line-fits/linefit_modules/util.py:94: RuntimeWarning: Mean of empty slice
  signal = np.nanmean(signal_cube,axis=(0,2))
/cluster/home/zhuyin/scripts/spice-line-fits/linefit_modules/util.py:92: RuntimeWarning: All-NaN slice encountered
  spice_dat = copy.deepcopy(spice_dat_in) - np.nanmean(np.nanmin(spice_dat_in,axis=0))
/cluster/home/zhuyin/scripts/spice-line-fits/linefit_modules/util.py:94: RuntimeWarning: Mean of empty slice
  signal = np.nanmean(signal_cube,axis=(0,2))
/cluster/home/zhuyin/scripts/spice-line-fits/linefit_modules/util.py:92: RuntimeWarning: All-NaN slice encountered
  spice_dat = copy.deepcopy(spice_dat_in) - np.nanmean(np.nanmin(spice_dat_in,axis=0))
/cluster/home/zhuyin/scripts/spice-line-fits/linefit_modules/util.py:94: RuntimeWarning: Mean of empty slice
  signal = np.nanmean(signal_cube,axis=(0,2))
/cluster/home/zhuyin/scripts/spice-line-fits/linefit_modules/util.py:92: RuntimeWarning: All-NaN slice encountered
  spice_dat = copy.deepcopy(spice_dat_in) - np.nanmean(np.nanmin(spice_dat_in,axis=0))
/cluster/home/zhuyin/scripts/spice-line-fits/linefit_modules/util.py:94: RuntimeWarning: Mean of empty slice
  signal = np.nanmean(signal_cube,axis=(0,2))
/cluster/home/zhuyin/scripts/spice-line-fits/linefit_modules/util.py:92: RuntimeWarning: All-NaN slice encountered
  spice_dat = copy.deepcopy(spice_dat_in) - np.nanmean(np.nanmin(spice_dat_in,axis=0))
/cluster/home/zhuyin/scripts/spice-line-fits/linefit_modules/util.py:94: RuntimeWarning: Mean of empty slice
  signal = np.nanmean(signal_cube,axis=(0,2))
/cluster/home/zhuyin/scripts/spice-line-fits/linefit_modules/util.py:92: RuntimeWarning: All-NaN slice encountered
  spice_dat = copy.deepcopy(spice_dat_in) - np.nanmean(np.nanmin(spice_dat_in,axis=0))
/cluster/home/zhuyin/scripts/spice-line-fits/linefit_modules/util.py:94: RuntimeWarning: Mean of empty slice
  signal = np.nanmean(signal_cube,axis=(0,2))
/cluster/home/zhuyin/scripts/spice-line-fits/linefit_modules/util.py:92: RuntimeWarning: All-NaN slice encountered
  spice_dat = copy.deepcopy(spice_dat_in) - np.nanmean(np.nanmin(spice_dat_in,axis=0))
/cluster/home/zhuyin/scripts/spice-line-fits/linefit_modules/util.py:94: RuntimeWarning: Mean of empty slice
  signal = np.nanmean(signal_cube,axis=(0,2))
/cluster/home/zhuyin/scripts/spice-line-fits/linefit_modules/util.py:92: RuntimeWarning: All-NaN slice encountered
  spice_dat = copy.deepcopy(spice_dat_in) - np.nanmean(np.nanmin(spice_dat_in,axis=0))
/cluster/home/zhuyin/scripts/spice-line-fits/linefit_modules/util.py:94: RuntimeWarning: Mean of empty slice
  signal = np.nanmean(signal_cube,axis=(0,2))
/cluster/home/zhuyin/scripts/spice-line-fits/linefit_modules/util.py:92: RuntimeWarning: All-NaN slice encountered
  spice_dat = copy.deepcopy(spice_dat_in) - np.nanmean(np.nanmin(spice_dat_in,axis=0))
/cluster/home/zhuyin/scripts/spice-line-fits/linefit_modules/util.py:94: RuntimeWarning: Mean of empty slice
  signal = np.nanmean(signal_cube,axis=(0,2))
/cluster/home/zhuyin/scripts/spice-line-fits/linefit_modules/util.py:92: RuntimeWarning: All-NaN slice encountered
  spice_dat = copy.deepcopy(spice_dat_in) - np.nanmean(np.nanmin(spice_dat_in,axis=0))
/cluster/home/zhuyin/scripts/spice-line-fits/linefit_modules/util.py:94: RuntimeWarning: Mean of empty slice
  signal = np.nanmean(signal_cube,axis=(0,2))
/cluster/home/zhuyin/scripts/spice-line-fits/linefit_modules/util.py:92: RuntimeWarning: All-NaN slice encountered
  spice_dat = copy.deepcopy(spice_dat_in) - np.nanmean(np.nanmin(spice_dat_in,axis=0))
/cluster/home/zhuyin/scripts/spice-line-fits/linefit_modules/util.py:94: RuntimeWarning: Mean of empty slice
  signal = np.nanmean(signal_cube,axis=(0,2))
/cluster/home/zhuyin/scripts/spice-line-fits/linefit_modules/util.py:92: RuntimeWarning: All-NaN slice encountered
  spice_dat = copy.deepcopy(spice_dat_in) - np.nanmean(np.nanmin(spice_dat_in,axis=0))
/cluster/home/zhuyin/scripts/spice-line-fits/linefit_modules/util.py:94: RuntimeWarning: Mean of empty slice
  signal = np.nanmean(signal_cube,axis=(0,2))
/cluster/home/zhuyin/scripts/spice-line-fits/linefit_modules/util.py:92: RuntimeWarning: All-NaN slice encountered
  spice_dat = copy.deepcopy(spice_dat_in) - np.nanmean(np.nanmin(spice_dat_in,axis=0))
/cluster/home/zhuyin/scripts/spice-line-fits/linefit_modules/util.py:94: RuntimeWarning: Mean of empty slice
  signal = np.nanmean(signal_cube,axis=(0,2))
/cluster/home/zhuyin/scripts/spice-line-fits/linefit_modules/util.py:92: RuntimeWarning: All-NaN slice encountered
  spice_dat = copy.deepcopy(spice_dat_in) - np.nanmean(np.nanmin(spice_dat_in,axis=0))
/cluster/home/zhuyin/scripts/spice-line-fits/linefit_modules/util.py:94: RuntimeWarning: Mean of empty slice
  signal = np.nanmean(signal_cube,axis=(0,2))
/cluster/home/zhuyin/scripts/spice-line-fits/linefit_modules/util.py:92: RuntimeWarning: All-NaN slice encountered
  spice_dat = copy.deepcopy(spice_dat_in) - np.nanmean(np.nanmin(spice_dat_in,axis=0))
/cluster/home/zhuyin/scripts/spice-line-fits/linefit_modules/util.py:94: RuntimeWarning: Mean of empty slice
  signal = np.nanmean(signal_cube,axis=(0,2))
/cluster/home/zhuyin/scripts/spice-line-fits/linefit_modules/util.py:92: RuntimeWarning: All-NaN slice encountered
  spice_dat = copy.deepcopy(spice_dat_in) - np.nanmean(np.nanmin(spice_dat_in,axis=0))
/cluster/home/zhuyin/scripts/spice-line-fits/linefit_modules/util.py:94: RuntimeWarning: Mean of empty slice
  signal = np.nanmean(signal_cube,axis=(0,2))
/cluster/home/zhuyin/scripts/spice-line-fits/linefit_modules/util.py:92: RuntimeWarning: All-NaN slice encountered
  spice_dat = copy.deepcopy(spice_dat_in) - np.nanmean(np.nanmin(spice_dat_in,axis=0))
/cluster/home/zhuyin/scripts/spice-line-fits/linefit_modules/util.py:94: RuntimeWarning: Mean of empty slice
  signal = np.nanmean(signal_cube,axis=(0,2))
/cluster/home/zhuyin/scripts/spice-line-fits/linefit_modules/util.py:92: RuntimeWarning: All-NaN slice encountered
  spice_dat = copy.deepcopy(spice_dat_in) - np.nanmean(np.nanmin(spice_dat_in,axis=0))
/cluster/home/zhuyin/scripts/spice-line-fits/linefit_modules/util.py:94: RuntimeWarning: Mean of empty slice
  signal = np.nanmean(signal_cube,axis=(0,2))
/cluster/home/zhuyin/scripts/spice-line-fits/linefit_modules/util.py:92: RuntimeWarning: All-NaN slice encountered
  spice_dat = copy.deepcopy(spice_dat_in) - np.nanmean(np.nanmin(spice_dat_in,axis=0))
/cluster/home/zhuyin/scripts/spice-line-fits/linefit_modules/util.py:94: RuntimeWarning: Mean of empty slice
  signal = np.nanmean(signal_cube,axis=(0,2))
/cluster/home/zhuyin/scripts/spice-line-fits/linefit_modules/util.py:92: RuntimeWarning: All-NaN slice encountered
  spice_dat = copy.deepcopy(spice_dat_in) - np.nanmean(np.nanmin(spice_dat_in,axis=0))
/cluster/home/zhuyin/scripts/spice-line-fits/linefit_modules/util.py:94: RuntimeWarning: Mean of empty slice
  signal = np.nanmean(signal_cube,axis=(0,2))
/cluster/home/zhuyin/scripts/spice-line-fits/linefit_modules/util.py:92: RuntimeWarning: All-NaN slice encountered
  spice_dat = copy.deepcopy(spice_dat_in) - np.nanmean(np.nanmin(spice_dat_in,axis=0))
/cluster/home/zhuyin/scripts/spice-line-fits/linefit_modules/util.py:94: RuntimeWarning: Mean of empty slice
  signal = np.nanmean(signal_cube,axis=(0,2))
/cluster/home/zhuyin/scripts/spice-line-fits/linefit_modules/util.py:92: RuntimeWarning: All-NaN slice encountered
  spice_dat = copy.deepcopy(spice_dat_in) - np.nanmean(np.nanmin(spice_dat_in,axis=0))
/cluster/home/zhuyin/scripts/spice-line-fits/linefit_modules/util.py:94: RuntimeWarning: Mean of empty slice
  signal = np.nanmean(signal_cube,axis=(0,2))
/cluster/home/zhuyin/scripts/spice-line-fits/linefit_modules/util.py:92: RuntimeWarning: All-NaN slice encountered
  spice_dat = copy.deepcopy(spice_dat_in) - np.nanmean(np.nanmin(spice_dat_in,axis=0))
/cluster/home/zhuyin/scripts/spice-line-fits/linefit_modules/util.py:94: RuntimeWarning: Mean of empty slice
  signal = np.nanmean(signal_cube,axis=(0,2))
/cluster/home/zhuyin/scripts/spice-line-fits/linefit_modules/util.py:92: RuntimeWarning: All-NaN slice encountered
  spice_dat = copy.deepcopy(spice_dat_in) - np.nanmean(np.nanmin(spice_dat_in,axis=0))
/cluster/home/zhuyin/scripts/spice-line-fits/linefit_modules/util.py:94: RuntimeWarning: Mean of empty slice
  signal = np.nanmean(signal_cube,axis=(0,2))
/cluster/home/zhuyin/scripts/spice-line-fits/linefit_modules/util.py:92: RuntimeWarning: All-NaN slice encountered
  spice_dat = copy.deepcopy(spice_dat_in) - np.nanmean(np.nanmin(spice_dat_in,axis=0))
/cluster/home/zhuyin/scripts/spice-line-fits/linefit_modules/util.py:92: RuntimeWarning: All-NaN slice encountered
  spice_dat = copy.deepcopy(spice_dat_in) - np.nanmean(np.nanmin(spice_dat_in,axis=0))
/cluster/home/zhuyin/scripts/spice-line-fits/linefit_modules/util.py:94: RuntimeWarning: Mean of empty slice
  signal = np.nanmean(signal_cube,axis=(0,2))
/cluster/home/zhuyin/scripts/spice-line-fits/linefit_modules/util.py:92: RuntimeWarning: All-NaN slice encountered
  spice_dat = copy.deepcopy(spice_dat_in) - np.nanmean(np.nanmin(spice_dat_in,axis=0))
/cluster/home/zhuyin/scripts/spice-line-fits/linefit_modules/util.py:94: RuntimeWarning: Mean of empty slice
  signal = np.nanmean(signal_cube,axis=(0,2))
/cluster/home/zhuyin/scripts/spice-line-fits/linefit_modules/util.py:94: RuntimeWarning: Mean of empty slice
  signal = np.nanmean(signal_cube,axis=(0,2))
/cluster/home/zhuyin/scripts/spice-line-fits/linefit_modules/util.py:92: RuntimeWarning: All-NaN slice encountered
  spice_dat = copy.deepcopy(spice_dat_in) - np.nanmean(np.nanmin(spice_dat_in,axis=0))
/cluster/home/zhuyin/scripts/spice-line-fits/linefit_modules/util.py:94: RuntimeWarning: Mean of empty slice
  signal = np.nanmean(signal_cube,axis=(0,2))
/cluster/home/zhuyin/scripts/spice-line-fits/linefit_modules/util.py:92: RuntimeWarning: All-NaN slice encountered
  spice_dat = copy.deepcopy(spice_dat_in) - np.nanmean(np.nanmin(spice_dat_in,axis=0))
/cluster/home/zhuyin/scripts/spice-line-fits/linefit_modules/util.py:94: RuntimeWarning: Mean of empty slice
  signal = np.nanmean(signal_cube,axis=(0,2))
/cluster/home/zhuyin/scripts/spice-line-fits/linefit_modules/util.py:92: RuntimeWarning: All-NaN slice encountered
  spice_dat = copy.deepcopy(spice_dat_in) - np.nanmean(np.nanmin(spice_dat_in,axis=0))
/cluster/home/zhuyin/scripts/spice-line-fits/linefit_modules/util.py:94: RuntimeWarning: Mean of empty slice
  signal = np.nanmean(signal_cube,axis=(0,2))
/cluster/home/zhuyin/scripts/spice-line-fits/linefit_modules/util.py:92: RuntimeWarning: All-NaN slice encountered
  spice_dat = copy.deepcopy(spice_dat_in) - np.nanmean(np.nanmin(spice_dat_in,axis=0))
/cluster/home/zhuyin/scripts/spice-line-fits/linefit_modules/util.py:92: RuntimeWarning: All-NaN slice encountered
  spice_dat = copy.deepcopy(spice_dat_in) - np.nanmean(np.nanmin(spice_dat_in,axis=0))
/cluster/home/zhuyin/scripts/spice-line-fits/linefit_modules/util.py:94: RuntimeWarning: Mean of empty slice
  signal = np.nanmean(signal_cube,axis=(0,2))
/cluster/home/zhuyin/scripts/spice-line-fits/linefit_modules/util.py:94: RuntimeWarning: Mean of empty slice
  signal = np.nanmean(signal_cube,axis=(0,2))
/cluster/home/zhuyin/scripts/spice-line-fits/linefit_modules/util.py:92: RuntimeWarning: All-NaN slice encountered
  spice_dat = copy.deepcopy(spice_dat_in) - np.nanmean(np.nanmin(spice_dat_in,axis=0))
/cluster/home/zhuyin/scripts/spice-line-fits/linefit_modules/util.py:94: RuntimeWarning: Mean of empty slice
  signal = np.nanmean(signal_cube,axis=(0,2))
/cluster/home/zhuyin/scripts/spice-line-fits/linefit_modules/util.py:92: RuntimeWarning: All-NaN slice encountered
  spice_dat = copy.deepcopy(spice_dat_in) - np.nanmean(np.nanmin(spice_dat_in,axis=0))
/cluster/home/zhuyin/scripts/spice-line-fits/linefit_modules/util.py:94: RuntimeWarning: Mean of empty slice
  signal = np.nanmean(signal_cube,axis=(0,2))
/cluster/home/zhuyin/scripts/spice-line-fits/linefit_modules/util.py:92: RuntimeWarning: All-NaN slice encountered
  spice_dat = copy.deepcopy(spice_dat_in) - np.nanmean(np.nanmin(spice_dat_in,axis=0))
/cluster/home/zhuyin/scripts/spice-line-fits/linefit_modules/util.py:94: RuntimeWarning: Mean of empty slice
  signal = np.nanmean(signal_cube,axis=(0,2))
/cluster/home/zhuyin/scripts/spice-line-fits/linefit_modules/util.py:92: RuntimeWarning: All-NaN slice encountered
  spice_dat = copy.deepcopy(spice_dat_in) - np.nanmean(np.nanmin(spice_dat_in,axis=0))
/cluster/home/zhuyin/scripts/spice-line-fits/linefit_modules/util.py:94: RuntimeWarning: Mean of empty slice
  signal = np.nanmean(signal_cube,axis=(0,2))
/cluster/home/zhuyin/scripts/spice-line-fits/linefit_modules/util.py:92: RuntimeWarning: All-NaN slice encountered
  spice_dat = copy.deepcopy(spice_dat_in) - np.nanmean(np.nanmin(spice_dat_in,axis=0))
/cluster/home/zhuyin/scripts/spice-line-fits/linefit_modules/util.py:94: RuntimeWarning: Mean of empty slice
  signal = np.nanmean(signal_cube,axis=(0,2))
/cluster/home/zhuyin/scripts/spice-line-fits/linefit_modules/util.py:92: RuntimeWarning: All-NaN slice encountered
  spice_dat = copy.deepcopy(spice_dat_in) - np.nanmean(np.nanmin(spice_dat_in,axis=0))
/cluster/home/zhuyin/scripts/spice-line-fits/linefit_modules/util.py:94: RuntimeWarning: Mean of empty slice
  signal = np.nanmean(signal_cube,axis=(0,2))
/cluster/home/zhuyin/scripts/spice-line-fits/linefit_modules/util.py:92: RuntimeWarning: All-NaN slice encountered
  spice_dat = copy.deepcopy(spice_dat_in) - np.nanmean(np.nanmin(spice_dat_in,axis=0))
/cluster/home/zhuyin/scripts/spice-line-fits/linefit_modules/util.py:94: RuntimeWarning: Mean of empty slice
  signal = np.nanmean(signal_cube,axis=(0,2))
/cluster/home/zhuyin/scripts/spice-line-fits/linefit_modules/util.py:92: RuntimeWarning: All-NaN slice encountered
  spice_dat = copy.deepcopy(spice_dat_in) - np.nanmean(np.nanmin(spice_dat_in,axis=0))
/cluster/home/zhuyin/scripts/spice-line-fits/linefit_modules/util.py:94: RuntimeWarning: Mean of empty slice
  signal = np.nanmean(signal_cube,axis=(0,2))
/cluster/home/zhuyin/scripts/spice-line-fits/linefit_modules/util.py:92: RuntimeWarning: All-NaN slice encountered
  spice_dat = copy.deepcopy(spice_dat_in) - np.nanmean(np.nanmin(spice_dat_in,axis=0))
/cluster/home/zhuyin/scripts/spice-line-fits/linefit_modules/util.py:94: RuntimeWarning: Mean of empty slice
  signal = np.nanmean(signal_cube,axis=(0,2))
/cluster/home/zhuyin/scripts/spice-line-fits/linefit_modules/util.py:92: RuntimeWarning: All-NaN slice encountered
  spice_dat = copy.deepcopy(spice_dat_in) - np.nanmean(np.nanmin(spice_dat_in,axis=0))
/cluster/home/zhuyin/scripts/spice-line-fits/linefit_modules/util.py:94: RuntimeWarning: Mean of empty slice
  signal = np.nanmean(signal_cube,axis=(0,2))
/cluster/home/zhuyin/scripts/spice-line-fits/linefit_modules/util.py:92: RuntimeWarning: All-NaN slice encountered
  spice_dat = copy.deepcopy(spice_dat_in) - np.nanmean(np.nanmin(spice_dat_in,axis=0))
/cluster/home/zhuyin/scripts/spice-line-fits/linefit_modules/util.py:92: RuntimeWarning: All-NaN slice encountered
  spice_dat = copy.deepcopy(spice_dat_in) - np.nanmean(np.nanmin(spice_dat_in,axis=0))
/cluster/home/zhuyin/scripts/spice-line-fits/linefit_modules/util.py:94: RuntimeWarning: Mean of empty slice
  signal = np.nanmean(signal_cube,axis=(0,2))
/cluster/home/zhuyin/scripts/spice-line-fits/linefit_modules/util.py:94: RuntimeWarning: Mean of empty slice
  signal = np.nanmean(signal_cube,axis=(0,2))
/cluster/home/zhuyin/scripts/spice-line-fits/linefit_modules/util.py:92: RuntimeWarning: All-NaN slice encountered
  spice_dat = copy.deepcopy(spice_dat_in) - np.nanmean(np.nanmin(spice_dat_in,axis=0))
/cluster/home/zhuyin/scripts/spice-line-fits/linefit_modules/util.py:94: RuntimeWarning: Mean of empty slice
  signal = np.nanmean(signal_cube,axis=(0,2))
/cluster/home/zhuyin/scripts/spice-line-fits/linefit_modules/util.py:92: RuntimeWarning: All-NaN slice encountered
  spice_dat = copy.deepcopy(spice_dat_in) - np.nanmean(np.nanmin(spice_dat_in,axis=0))
/cluster/home/zhuyin/scripts/spice-line-fits/linefit_modules/util.py:94: RuntimeWarning: Mean of empty slice
  signal = np.nanmean(signal_cube,axis=(0,2))
/cluster/home/zhuyin/scripts/spice-line-fits/linefit_modules/util.py:92: RuntimeWarning: All-NaN slice encountered
  spice_dat = copy.deepcopy(spice_dat_in) - np.nanmean(np.nanmin(spice_dat_in,axis=0))
/cluster/home/zhuyin/scripts/spice-line-fits/linefit_modules/util.py:94: RuntimeWarning: Mean of empty slice
  signal = np.nanmean(signal_cube,axis=(0,2))
/cluster/home/zhuyin/scripts/spice-line-fits/linefit_modules/util.py:92: RuntimeWarning: All-NaN slice encountered
  spice_dat = copy.deepcopy(spice_dat_in) - np.nanmean(np.nanmin(spice_dat_in,axis=0))
/cluster/home/zhuyin/scripts/spice-line-fits/linefit_modules/util.py:94: RuntimeWarning: Mean of empty slice
  signal = np.nanmean(signal_cube,axis=(0,2))
/cluster/home/zhuyin/scripts/spice-line-fits/linefit_modules/util.py:92: RuntimeWarning: All-NaN slice encountered
  spice_dat = copy.deepcopy(spice_dat_in) - np.nanmean(np.nanmin(spice_dat_in,axis=0))
/cluster/home/zhuyin/scripts/spice-line-fits/linefit_modules/util.py:94: RuntimeWarning: Mean of empty slice
  signal = np.nanmean(signal_cube,axis=(0,2))
/cluster/home/zhuyin/scripts/spice-line-fits/linefit_modules/util.py:92: RuntimeWarning: All-NaN slice encountered
  spice_dat = copy.deepcopy(spice_dat_in) - np.nanmean(np.nanmin(spice_dat_in,axis=0))
/cluster/home/zhuyin/scripts/spice-line-fits/linefit_modules/util.py:94: RuntimeWarning: Mean of empty slice
  signal = np.nanmean(signal_cube,axis=(0,2))
/cluster/home/zhuyin/scripts/spice-line-fits/linefit_modules/util.py:92: RuntimeWarning: All-NaN slice encountered
  spice_dat = copy.deepcopy(spice_dat_in) - np.nanmean(np.nanmin(spice_dat_in,axis=0))
/cluster/home/zhuyin/scripts/spice-line-fits/linefit_modules/util.py:94: RuntimeWarning: Mean of empty slice
  signal = np.nanmean(signal_cube,axis=(0,2))
/cluster/home/zhuyin/scripts/spice-line-fits/linefit_modules/util.py:92: RuntimeWarning: All-NaN slice encountered
  spice_dat = copy.deepcopy(spice_dat_in) - np.nanmean(np.nanmin(spice_dat_in,axis=0))
/cluster/home/zhuyin/scripts/spice-line-fits/linefit_modules/util.py:94: RuntimeWarning: Mean of empty slice
  signal = np.nanmean(signal_cube,axis=(0,2))
/cluster/home/zhuyin/scripts/spice-line-fits/linefit_modules/util.py:92: RuntimeWarning: All-NaN slice encountered
  spice_dat = copy.deepcopy(spice_dat_in) - np.nanmean(np.nanmin(spice_dat_in,axis=0))
/cluster/home/zhuyin/scripts/spice-line-fits/linefit_modules/util.py:94: RuntimeWarning: Mean of empty slice
  signal = np.nanmean(signal_cube,axis=(0,2))
/cluster/home/zhuyin/scripts/spice-line-fits/linefit_modules/util.py:92: RuntimeWarning: All-NaN slice encountered
  spice_dat = copy.deepcopy(spice_dat_in) - np.nanmean(np.nanmin(spice_dat_in,axis=0))
/cluster/home/zhuyin/scripts/spice-line-fits/linefit_modules/util.py:94: RuntimeWarning: Mean of empty slice
  signal = np.nanmean(signal_cube,axis=(0,2))
/cluster/home/zhuyin/scripts/spice-line-fits/linefit_modules/util.py:92: RuntimeWarning: All-NaN slice encountered
  spice_dat = copy.deepcopy(spice_dat_in) - np.nanmean(np.nanmin(spice_dat_in,axis=0))
/cluster/home/zhuyin/scripts/spice-line-fits/linefit_modules/util.py:94: RuntimeWarning: Mean of empty slice
  signal = np.nanmean(signal_cube,axis=(0,2))
/cluster/home/zhuyin/scripts/spice-line-fits/linefit_modules/util.py:92: RuntimeWarning: All-NaN slice encountered
  spice_dat = copy.deepcopy(spice_dat_in) - np.nanmean(np.nanmin(spice_dat_in,axis=0))
/cluster/home/zhuyin/scripts/spice-line-fits/linefit_modules/util.py:94: RuntimeWarning: Mean of empty slice
  signal = np.nanmean(signal_cube,axis=(0,2))
/cluster/home/zhuyin/scripts/spice-line-fits/linefit_modules/util.py:92: RuntimeWarning: All-NaN slice encountered
  spice_dat = copy.deepcopy(spice_dat_in) - np.nanmean(np.nanmin(spice_dat_in,axis=0))
/cluster/home/zhuyin/scripts/spice-line-fits/linefit_modules/util.py:94: RuntimeWarning: Mean of empty slice
  signal = np.nanmean(signal_cube,axis=(0,2))
/cluster/home/zhuyin/scripts/spice-line-fits/linefit_modules/util.py:92: RuntimeWarning: All-NaN slice encountered
  spice_dat = copy.deepcopy(spice_dat_in) - np.nanmean(np.nanmin(spice_dat_in,axis=0))
/cluster/home/zhuyin/scripts/spice-line-fits/linefit_modules/util.py:94: RuntimeWarning: Mean of empty slice
  signal = np.nanmean(signal_cube,axis=(0,2))
/cluster/home/zhuyin/scripts/spice-line-fits/linefit_modules/util.py:92: RuntimeWarning: All-NaN slice encountered
  spice_dat = copy.deepcopy(spice_dat_in) - np.nanmean(np.nanmin(spice_dat_in,axis=0))
/cluster/home/zhuyin/scripts/spice-line-fits/linefit_modules/util.py:92: RuntimeWarning: All-NaN slice encountered
  spice_dat = copy.deepcopy(spice_dat_in) - np.nanmean(np.nanmin(spice_dat_in,axis=0))
/cluster/home/zhuyin/scripts/spice-line-fits/linefit_modules/util.py:94: RuntimeWarning: Mean of empty slice
  signal = np.nanmean(signal_cube,axis=(0,2))
/cluster/home/zhuyin/scripts/spice-line-fits/linefit_modules/util.py:94: RuntimeWarning: Mean of empty slice
  signal = np.nanmean(signal_cube,axis=(0,2))
20221029T191144.384_LygammaCIII_group_(Merged)
