Many modules are hidden in this stack. Use "module --show_hidden spider SOFTWARE" if you are not able to find the required software
Many modules are hidden in this stack. Use "module --show_hidden spider SOFTWARE" if you are not able to find the required software
Filename: /cluster/home/zhuyin/work/spice_psf/spice_data/solo_L2_spice-n-ras_20210914T025031_V22_67109159-000.fits
No.    Name      Ver    Type      Cards   Dimensions   Format
  0  O III 703 + Mg IX 706 (Merged)    1 PrimaryHDU     425   (224, 1024, 82, 1)   float32   
  1  O II 718 - Peak    1 ImageHDU       419   (224, 1024, 50, 1)   float32   
  2  Ne VIII 770 - Peak    1 ImageHDU       417   (224, 1024, 50, 1)   float32   
  3  S V 786 / O IV 787 - Peak    1 ImageHDU       419   (224, 1024, 50, 1)   float32   
  4  C III 977 - Peak    1 ImageHDU       419   (224, 1024, 36, 1)   float32   
  5  Ly Beta 1025 (Merged)    1 ImageHDU       423   (224, 1024, 31, 1)   float32   
  6  O VI 1032 - Peak    1 ImageHDU       417   (224, 1024, 34, 1)   float32   
  7  VARIABLE_KEYWORDS    1 BinTableHDU    398   1R x 28C   [224D, 224I, 224I, 224I, 224I, 224I, 224E, 224E, 224E, 224E, 7I, 7I, 7I, 7I, 7J, 7J, 7J, 7J, 5152A, 224D, 224D, 82D, 50D, 50D, 50D, 36D, 31D, 34D]   
  8  WCSDVARR      1 ImageHDU        28   (224,)   float64   
  9  WCSDVARR      2 ImageHDU        28   (224,)   float64   
 10  SATPIXLIST[O III 703 Peak]    1 BinTableHDU     98   15R x 6C   [1E, 1E, 1E, 1E, 1E, 1E]   
 11  SATPIXLIST[O II 718 - Peak]    1 BinTableHDU     98   4R x 6C   [1E, 1E, 1E, 1E, 1E, 1E]   
 12  SATPIXLIST[S V 786 / O IV 787 - Peak]    1 BinTableHDU     98   808R x 6C   [1E, 1E, 1E, 1E, 1E, 1E]   
 13  SATPIXLIST[C III 977 - Peak]    1 BinTableHDU     98   12R x 6C   [1E, 1E, 1E, 1E, 1E, 1E]   
[[-5.  -5.  -5.  -5.  -5. ]
 [-2.5 -2.5 -2.5 -2.5 -2.5]
 [ 0.   0.   0.   0.   0. ]
 [ 2.5  2.5  2.5  2.5  2.5]
 [ 5.   5.   5.   5.   5. ]] [[-5.  -2.5  0.   2.5  5. ]
 [-5.  -2.5  0.   2.5  5. ]
 [-5.  -2.5  0.   2.5  5. ]
 [-5.  -2.5  0.   2.5  5. ]
 [-5.  -2.5  0.   2.5  5. ]]
/cluster/home/zhuyin/scripts/spice-line-fits/linefit_modules/util.py:92: RuntimeWarning: All-NaN slice encountered
  spice_dat = copy.deepcopy(spice_dat_in) - np.nanmean(np.nanmin(spice_dat_in,axis=0))
/cluster/home/zhuyin/scripts/spice-line-fits/linefit_modules/util.py:94: RuntimeWarning: Mean of empty slice
  signal = np.nanmean(signal_cube,axis=(0,2))
/cluster/home/zhuyin/scripts/spice-line-fits/linefit_modules/util.py:92: RuntimeWarning: All-NaN slice encountered
  spice_dat = copy.deepcopy(spice_dat_in) - np.nanmean(np.nanmin(spice_dat_in,axis=0))
/cluster/home/zhuyin/scripts/spice-line-fits/linefit_modules/util.py:94: RuntimeWarning: Mean of empty slice
  signal = np.nanmean(signal_cube,axis=(0,2))
/cluster/home/zhuyin/scripts/spice-line-fits/linefit_modules/util.py:92: RuntimeWarning: All-NaN slice encountered
  spice_dat = copy.deepcopy(spice_dat_in) - np.nanmean(np.nanmin(spice_dat_in,axis=0))
/cluster/home/zhuyin/scripts/spice-line-fits/linefit_modules/util.py:94: RuntimeWarning: Mean of empty slice
  signal = np.nanmean(signal_cube,axis=(0,2))
/cluster/home/zhuyin/scripts/spice-line-fits/linefit_modules/util.py:92: RuntimeWarning: All-NaN slice encountered
  spice_dat = copy.deepcopy(spice_dat_in) - np.nanmean(np.nanmin(spice_dat_in,axis=0))
/cluster/home/zhuyin/scripts/spice-line-fits/linefit_modules/util.py:92: RuntimeWarning: All-NaN slice encountered
  spice_dat = copy.deepcopy(spice_dat_in) - np.nanmean(np.nanmin(spice_dat_in,axis=0))
/cluster/home/zhuyin/scripts/spice-line-fits/linefit_modules/util.py:94: RuntimeWarning: Mean of empty slice
  signal = np.nanmean(signal_cube,axis=(0,2))
/cluster/home/zhuyin/scripts/spice-line-fits/linefit_modules/util.py:94: RuntimeWarning: Mean of empty slice
  signal = np.nanmean(signal_cube,axis=(0,2))
/cluster/home/zhuyin/scripts/spice-line-fits/linefit_modules/util.py:92: RuntimeWarning: All-NaN slice encountered
  spice_dat = copy.deepcopy(spice_dat_in) - np.nanmean(np.nanmin(spice_dat_in,axis=0))
/cluster/home/zhuyin/scripts/spice-line-fits/linefit_modules/util.py:94: RuntimeWarning: Mean of empty slice
  signal = np.nanmean(signal_cube,axis=(0,2))
/cluster/home/zhuyin/scripts/spice-line-fits/linefit_modules/util.py:92: RuntimeWarning: All-NaN slice encountered
  spice_dat = copy.deepcopy(spice_dat_in) - np.nanmean(np.nanmin(spice_dat_in,axis=0))
/cluster/home/zhuyin/scripts/spice-line-fits/linefit_modules/util.py:94: RuntimeWarning: Mean of empty slice
  signal = np.nanmean(signal_cube,axis=(0,2))
/cluster/home/zhuyin/scripts/spice-line-fits/linefit_modules/util.py:92: RuntimeWarning: All-NaN slice encountered
  spice_dat = copy.deepcopy(spice_dat_in) - np.nanmean(np.nanmin(spice_dat_in,axis=0))
/cluster/home/zhuyin/scripts/spice-line-fits/linefit_modules/util.py:94: RuntimeWarning: Mean of empty slice
  signal = np.nanmean(signal_cube,axis=(0,2))
/cluster/home/zhuyin/scripts/spice-line-fits/linefit_modules/util.py:92: RuntimeWarning: All-NaN slice encountered
  spice_dat = copy.deepcopy(spice_dat_in) - np.nanmean(np.nanmin(spice_dat_in,axis=0))
/cluster/home/zhuyin/scripts/spice-line-fits/linefit_modules/util.py:94: RuntimeWarning: Mean of empty slice
  signal = np.nanmean(signal_cube,axis=(0,2))
/cluster/home/zhuyin/scripts/spice-line-fits/linefit_modules/util.py:92: RuntimeWarning: All-NaN slice encountered
  spice_dat = copy.deepcopy(spice_dat_in) - np.nanmean(np.nanmin(spice_dat_in,axis=0))
/cluster/home/zhuyin/scripts/spice-line-fits/linefit_modules/util.py:94: RuntimeWarning: Mean of empty slice
  signal = np.nanmean(signal_cube,axis=(0,2))
/cluster/home/zhuyin/scripts/spice-line-fits/linefit_modules/util.py:92: RuntimeWarning: All-NaN slice encountered
  spice_dat = copy.deepcopy(spice_dat_in) - np.nanmean(np.nanmin(spice_dat_in,axis=0))
/cluster/home/zhuyin/scripts/spice-line-fits/linefit_modules/util.py:94: RuntimeWarning: Mean of empty slice
  signal = np.nanmean(signal_cube,axis=(0,2))
/cluster/home/zhuyin/scripts/spice-line-fits/linefit_modules/util.py:92: RuntimeWarning: All-NaN slice encountered
  spice_dat = copy.deepcopy(spice_dat_in) - np.nanmean(np.nanmin(spice_dat_in,axis=0))
/cluster/home/zhuyin/scripts/spice-line-fits/linefit_modules/util.py:92: RuntimeWarning: All-NaN slice encountered
  spice_dat = copy.deepcopy(spice_dat_in) - np.nanmean(np.nanmin(spice_dat_in,axis=0))
/cluster/home/zhuyin/scripts/spice-line-fits/linefit_modules/util.py:94: RuntimeWarning: Mean of empty slice
  signal = np.nanmean(signal_cube,axis=(0,2))
/cluster/home/zhuyin/scripts/spice-line-fits/linefit_modules/util.py:94: RuntimeWarning: Mean of empty slice
  signal = np.nanmean(signal_cube,axis=(0,2))
/cluster/home/zhuyin/scripts/spice-line-fits/linefit_modules/util.py:92: RuntimeWarning: All-NaN slice encountered
  spice_dat = copy.deepcopy(spice_dat_in) - np.nanmean(np.nanmin(spice_dat_in,axis=0))
/cluster/home/zhuyin/scripts/spice-line-fits/linefit_modules/util.py:94: RuntimeWarning: Mean of empty slice
  signal = np.nanmean(signal_cube,axis=(0,2))
/cluster/home/zhuyin/scripts/spice-line-fits/linefit_modules/util.py:92: RuntimeWarning: All-NaN slice encountered
  spice_dat = copy.deepcopy(spice_dat_in) - np.nanmean(np.nanmin(spice_dat_in,axis=0))
/cluster/home/zhuyin/scripts/spice-line-fits/linefit_modules/util.py:94: RuntimeWarning: Mean of empty slice
  signal = np.nanmean(signal_cube,axis=(0,2))
/cluster/home/zhuyin/scripts/spice-line-fits/linefit_modules/util.py:92: RuntimeWarning: All-NaN slice encountered
  spice_dat = copy.deepcopy(spice_dat_in) - np.nanmean(np.nanmin(spice_dat_in,axis=0))
/cluster/home/zhuyin/scripts/spice-line-fits/linefit_modules/util.py:94: RuntimeWarning: Mean of empty slice
  signal = np.nanmean(signal_cube,axis=(0,2))
/cluster/home/zhuyin/scripts/spice-line-fits/linefit_modules/util.py:92: RuntimeWarning: All-NaN slice encountered
  spice_dat = copy.deepcopy(spice_dat_in) - np.nanmean(np.nanmin(spice_dat_in,axis=0))
/cluster/home/zhuyin/scripts/spice-line-fits/linefit_modules/util.py:94: RuntimeWarning: Mean of empty slice
  signal = np.nanmean(signal_cube,axis=(0,2))
/cluster/home/zhuyin/scripts/spice-line-fits/linefit_modules/util.py:92: RuntimeWarning: All-NaN slice encountered
  spice_dat = copy.deepcopy(spice_dat_in) - np.nanmean(np.nanmin(spice_dat_in,axis=0))
/cluster/home/zhuyin/scripts/spice-line-fits/linefit_modules/util.py:94: RuntimeWarning: Mean of empty slice
  signal = np.nanmean(signal_cube,axis=(0,2))
/cluster/home/zhuyin/scripts/spice-line-fits/linefit_modules/util.py:92: RuntimeWarning: All-NaN slice encountered
  spice_dat = copy.deepcopy(spice_dat_in) - np.nanmean(np.nanmin(spice_dat_in,axis=0))
/cluster/home/zhuyin/scripts/spice-line-fits/linefit_modules/util.py:94: RuntimeWarning: Mean of empty slice
  signal = np.nanmean(signal_cube,axis=(0,2))
/cluster/home/zhuyin/scripts/spice-line-fits/linefit_modules/util.py:92: RuntimeWarning: All-NaN slice encountered
  spice_dat = copy.deepcopy(spice_dat_in) - np.nanmean(np.nanmin(spice_dat_in,axis=0))
/cluster/home/zhuyin/scripts/spice-line-fits/linefit_modules/util.py:94: RuntimeWarning: Mean of empty slice
  signal = np.nanmean(signal_cube,axis=(0,2))
/cluster/home/zhuyin/scripts/spice-line-fits/linefit_modules/util.py:92: RuntimeWarning: All-NaN slice encountered
  spice_dat = copy.deepcopy(spice_dat_in) - np.nanmean(np.nanmin(spice_dat_in,axis=0))
/cluster/home/zhuyin/scripts/spice-line-fits/linefit_modules/util.py:92: RuntimeWarning: All-NaN slice encountered
  spice_dat = copy.deepcopy(spice_dat_in) - np.nanmean(np.nanmin(spice_dat_in,axis=0))
/cluster/home/zhuyin/scripts/spice-line-fits/linefit_modules/util.py:94: RuntimeWarning: Mean of empty slice
  signal = np.nanmean(signal_cube,axis=(0,2))
/cluster/home/zhuyin/scripts/spice-line-fits/linefit_modules/util.py:94: RuntimeWarning: Mean of empty slice
  signal = np.nanmean(signal_cube,axis=(0,2))
/cluster/home/zhuyin/scripts/spice-line-fits/linefit_modules/util.py:92: RuntimeWarning: All-NaN slice encountered
  spice_dat = copy.deepcopy(spice_dat_in) - np.nanmean(np.nanmin(spice_dat_in,axis=0))
/cluster/home/zhuyin/scripts/spice-line-fits/linefit_modules/util.py:94: RuntimeWarning: Mean of empty slice
  signal = np.nanmean(signal_cube,axis=(0,2))
/cluster/home/zhuyin/scripts/spice-line-fits/linefit_modules/util.py:92: RuntimeWarning: All-NaN slice encountered
  spice_dat = copy.deepcopy(spice_dat_in) - np.nanmean(np.nanmin(spice_dat_in,axis=0))
/cluster/home/zhuyin/scripts/spice-line-fits/linefit_modules/util.py:94: RuntimeWarning: Mean of empty slice
  signal = np.nanmean(signal_cube,axis=(0,2))
/cluster/home/zhuyin/scripts/spice-line-fits/linefit_modules/util.py:92: RuntimeWarning: All-NaN slice encountered
  spice_dat = copy.deepcopy(spice_dat_in) - np.nanmean(np.nanmin(spice_dat_in,axis=0))
/cluster/home/zhuyin/scripts/spice-line-fits/linefit_modules/util.py:94: RuntimeWarning: Mean of empty slice
  signal = np.nanmean(signal_cube,axis=(0,2))
/cluster/home/zhuyin/scripts/spice-line-fits/linefit_modules/util.py:92: RuntimeWarning: All-NaN slice encountered
  spice_dat = copy.deepcopy(spice_dat_in) - np.nanmean(np.nanmin(spice_dat_in,axis=0))
/cluster/home/zhuyin/scripts/spice-line-fits/linefit_modules/util.py:94: RuntimeWarning: Mean of empty slice
  signal = np.nanmean(signal_cube,axis=(0,2))
/cluster/home/zhuyin/scripts/spice-line-fits/linefit_modules/util.py:92: RuntimeWarning: All-NaN slice encountered
  spice_dat = copy.deepcopy(spice_dat_in) - np.nanmean(np.nanmin(spice_dat_in,axis=0))
/cluster/home/zhuyin/scripts/spice-line-fits/linefit_modules/util.py:94: RuntimeWarning: Mean of empty slice
  signal = np.nanmean(signal_cube,axis=(0,2))
/cluster/home/zhuyin/scripts/spice-line-fits/linefit_modules/util.py:92: RuntimeWarning: All-NaN slice encountered
  spice_dat = copy.deepcopy(spice_dat_in) - np.nanmean(np.nanmin(spice_dat_in,axis=0))
/cluster/home/zhuyin/scripts/spice-line-fits/linefit_modules/util.py:94: RuntimeWarning: Mean of empty slice
  signal = np.nanmean(signal_cube,axis=(0,2))
/cluster/home/zhuyin/scripts/spice-line-fits/linefit_modules/util.py:92: RuntimeWarning: All-NaN slice encountered
  spice_dat = copy.deepcopy(spice_dat_in) - np.nanmean(np.nanmin(spice_dat_in,axis=0))
/cluster/home/zhuyin/scripts/spice-line-fits/linefit_modules/util.py:94: RuntimeWarning: Mean of empty slice
  signal = np.nanmean(signal_cube,axis=(0,2))
/cluster/home/zhuyin/scripts/spice-line-fits/linefit_modules/util.py:92: RuntimeWarning: All-NaN slice encountered
  spice_dat = copy.deepcopy(spice_dat_in) - np.nanmean(np.nanmin(spice_dat_in,axis=0))
/cluster/home/zhuyin/scripts/spice-line-fits/linefit_modules/util.py:94: RuntimeWarning: Mean of empty slice
  signal = np.nanmean(signal_cube,axis=(0,2))
/cluster/home/zhuyin/scripts/spice-line-fits/linefit_modules/util.py:92: RuntimeWarning: All-NaN slice encountered
  spice_dat = copy.deepcopy(spice_dat_in) - np.nanmean(np.nanmin(spice_dat_in,axis=0))
/cluster/home/zhuyin/scripts/spice-line-fits/linefit_modules/util.py:94: RuntimeWarning: Mean of empty slice
  signal = np.nanmean(signal_cube,axis=(0,2))
/cluster/home/zhuyin/scripts/spice-line-fits/linefit_modules/util.py:92: RuntimeWarning: All-NaN slice encountered
  spice_dat = copy.deepcopy(spice_dat_in) - np.nanmean(np.nanmin(spice_dat_in,axis=0))
/cluster/home/zhuyin/scripts/spice-line-fits/linefit_modules/util.py:94: RuntimeWarning: Mean of empty slice
  signal = np.nanmean(signal_cube,axis=(0,2))
/cluster/home/zhuyin/scripts/spice-line-fits/linefit_modules/util.py:92: RuntimeWarning: All-NaN slice encountered
  spice_dat = copy.deepcopy(spice_dat_in) - np.nanmean(np.nanmin(spice_dat_in,axis=0))
/cluster/home/zhuyin/scripts/spice-line-fits/linefit_modules/util.py:94: RuntimeWarning: Mean of empty slice
  signal = np.nanmean(signal_cube,axis=(0,2))
/cluster/home/zhuyin/scripts/spice-line-fits/linefit_modules/util.py:92: RuntimeWarning: All-NaN slice encountered
  spice_dat = copy.deepcopy(spice_dat_in) - np.nanmean(np.nanmin(spice_dat_in,axis=0))
/cluster/home/zhuyin/scripts/spice-line-fits/linefit_modules/util.py:94: RuntimeWarning: Mean of empty slice
  signal = np.nanmean(signal_cube,axis=(0,2))
/cluster/home/zhuyin/scripts/spice-line-fits/linefit_modules/util.py:92: RuntimeWarning: All-NaN slice encountered
  spice_dat = copy.deepcopy(spice_dat_in) - np.nanmean(np.nanmin(spice_dat_in,axis=0))
/cluster/home/zhuyin/scripts/spice-line-fits/linefit_modules/util.py:92: RuntimeWarning: All-NaN slice encountered
  spice_dat = copy.deepcopy(spice_dat_in) - np.nanmean(np.nanmin(spice_dat_in,axis=0))
/cluster/home/zhuyin/scripts/spice-line-fits/linefit_modules/util.py:94: RuntimeWarning: Mean of empty slice
  signal = np.nanmean(signal_cube,axis=(0,2))
/cluster/home/zhuyin/scripts/spice-line-fits/linefit_modules/util.py:94: RuntimeWarning: Mean of empty slice
  signal = np.nanmean(signal_cube,axis=(0,2))
/cluster/home/zhuyin/scripts/spice-line-fits/linefit_modules/util.py:92: RuntimeWarning: All-NaN slice encountered
  spice_dat = copy.deepcopy(spice_dat_in) - np.nanmean(np.nanmin(spice_dat_in,axis=0))
/cluster/home/zhuyin/scripts/spice-line-fits/linefit_modules/util.py:94: RuntimeWarning: Mean of empty slice
  signal = np.nanmean(signal_cube,axis=(0,2))
/cluster/home/zhuyin/scripts/spice-line-fits/linefit_modules/util.py:92: RuntimeWarning: All-NaN slice encountered
  spice_dat = copy.deepcopy(spice_dat_in) - np.nanmean(np.nanmin(spice_dat_in,axis=0))
/cluster/home/zhuyin/scripts/spice-line-fits/linefit_modules/util.py:94: RuntimeWarning: Mean of empty slice
  signal = np.nanmean(signal_cube,axis=(0,2))
/cluster/home/zhuyin/scripts/spice-line-fits/linefit_modules/util.py:92: RuntimeWarning: All-NaN slice encountered
  spice_dat = copy.deepcopy(spice_dat_in) - np.nanmean(np.nanmin(spice_dat_in,axis=0))
/cluster/home/zhuyin/scripts/spice-line-fits/linefit_modules/util.py:94: RuntimeWarning: Mean of empty slice
  signal = np.nanmean(signal_cube,axis=(0,2))
/cluster/home/zhuyin/scripts/spice-line-fits/linefit_modules/util.py:92: RuntimeWarning: All-NaN slice encountered
  spice_dat = copy.deepcopy(spice_dat_in) - np.nanmean(np.nanmin(spice_dat_in,axis=0))
/cluster/home/zhuyin/scripts/spice-line-fits/linefit_modules/util.py:94: RuntimeWarning: Mean of empty slice
  signal = np.nanmean(signal_cube,axis=(0,2))
/cluster/home/zhuyin/scripts/spice-line-fits/linefit_modules/util.py:92: RuntimeWarning: All-NaN slice encountered
  spice_dat = copy.deepcopy(spice_dat_in) - np.nanmean(np.nanmin(spice_dat_in,axis=0))
/cluster/home/zhuyin/scripts/spice-line-fits/linefit_modules/util.py:94: RuntimeWarning: Mean of empty slice
  signal = np.nanmean(signal_cube,axis=(0,2))
/cluster/home/zhuyin/scripts/spice-line-fits/linefit_modules/util.py:92: RuntimeWarning: All-NaN slice encountered
  spice_dat = copy.deepcopy(spice_dat_in) - np.nanmean(np.nanmin(spice_dat_in,axis=0))
/cluster/home/zhuyin/scripts/spice-line-fits/linefit_modules/util.py:92: RuntimeWarning: All-NaN slice encountered
  spice_dat = copy.deepcopy(spice_dat_in) - np.nanmean(np.nanmin(spice_dat_in,axis=0))
/cluster/home/zhuyin/scripts/spice-line-fits/linefit_modules/util.py:94: RuntimeWarning: Mean of empty slice
  signal = np.nanmean(signal_cube,axis=(0,2))
/cluster/home/zhuyin/scripts/spice-line-fits/linefit_modules/util.py:92: RuntimeWarning: All-NaN slice encountered
  spice_dat = copy.deepcopy(spice_dat_in) - np.nanmean(np.nanmin(spice_dat_in,axis=0))
/cluster/home/zhuyin/scripts/spice-line-fits/linefit_modules/util.py:94: RuntimeWarning: Mean of empty slice
  signal = np.nanmean(signal_cube,axis=(0,2))
/cluster/home/zhuyin/scripts/spice-line-fits/linefit_modules/util.py:94: RuntimeWarning: Mean of empty slice
  signal = np.nanmean(signal_cube,axis=(0,2))
/cluster/home/zhuyin/scripts/spice-line-fits/linefit_modules/util.py:92: RuntimeWarning: All-NaN slice encountered
  spice_dat = copy.deepcopy(spice_dat_in) - np.nanmean(np.nanmin(spice_dat_in,axis=0))
/cluster/home/zhuyin/scripts/spice-line-fits/linefit_modules/util.py:94: RuntimeWarning: Mean of empty slice
  signal = np.nanmean(signal_cube,axis=(0,2))
/cluster/home/zhuyin/scripts/spice-line-fits/linefit_modules/util.py:92: RuntimeWarning: All-NaN slice encountered
  spice_dat = copy.deepcopy(spice_dat_in) - np.nanmean(np.nanmin(spice_dat_in,axis=0))
/cluster/home/zhuyin/scripts/spice-line-fits/linefit_modules/util.py:94: RuntimeWarning: Mean of empty slice
  signal = np.nanmean(signal_cube,axis=(0,2))
/cluster/home/zhuyin/scripts/spice-line-fits/linefit_modules/util.py:92: RuntimeWarning: All-NaN slice encountered
  spice_dat = copy.deepcopy(spice_dat_in) - np.nanmean(np.nanmin(spice_dat_in,axis=0))
/cluster/home/zhuyin/scripts/spice-line-fits/linefit_modules/util.py:94: RuntimeWarning: Mean of empty slice
  signal = np.nanmean(signal_cube,axis=(0,2))
/cluster/home/zhuyin/scripts/spice-line-fits/linefit_modules/util.py:92: RuntimeWarning: All-NaN slice encountered
  spice_dat = copy.deepcopy(spice_dat_in) - np.nanmean(np.nanmin(spice_dat_in,axis=0))
/cluster/home/zhuyin/scripts/spice-line-fits/linefit_modules/util.py:94: RuntimeWarning: Mean of empty slice
  signal = np.nanmean(signal_cube,axis=(0,2))
/cluster/home/zhuyin/scripts/spice-line-fits/linefit_modules/util.py:92: RuntimeWarning: All-NaN slice encountered
  spice_dat = copy.deepcopy(spice_dat_in) - np.nanmean(np.nanmin(spice_dat_in,axis=0))
/cluster/home/zhuyin/scripts/spice-line-fits/linefit_modules/util.py:94: RuntimeWarning: Mean of empty slice
  signal = np.nanmean(signal_cube,axis=(0,2))
/cluster/home/zhuyin/scripts/spice-line-fits/linefit_modules/util.py:92: RuntimeWarning: All-NaN slice encountered
  spice_dat = copy.deepcopy(spice_dat_in) - np.nanmean(np.nanmin(spice_dat_in,axis=0))
/cluster/home/zhuyin/scripts/spice-line-fits/linefit_modules/util.py:94: RuntimeWarning: Mean of empty slice
  signal = np.nanmean(signal_cube,axis=(0,2))
/cluster/home/zhuyin/scripts/spice-line-fits/linefit_modules/util.py:92: RuntimeWarning: All-NaN slice encountered
  spice_dat = copy.deepcopy(spice_dat_in) - np.nanmean(np.nanmin(spice_dat_in,axis=0))
/cluster/home/zhuyin/scripts/spice-line-fits/linefit_modules/util.py:94: RuntimeWarning: Mean of empty slice
  signal = np.nanmean(signal_cube,axis=(0,2))
/cluster/home/zhuyin/scripts/spice-line-fits/linefit_modules/util.py:92: RuntimeWarning: All-NaN slice encountered
  spice_dat = copy.deepcopy(spice_dat_in) - np.nanmean(np.nanmin(spice_dat_in,axis=0))
/cluster/home/zhuyin/scripts/spice-line-fits/linefit_modules/util.py:94: RuntimeWarning: Mean of empty slice
  signal = np.nanmean(signal_cube,axis=(0,2))
/cluster/home/zhuyin/scripts/spice-line-fits/linefit_modules/util.py:92: RuntimeWarning: All-NaN slice encountered
  spice_dat = copy.deepcopy(spice_dat_in) - np.nanmean(np.nanmin(spice_dat_in,axis=0))
/cluster/home/zhuyin/scripts/spice-line-fits/linefit_modules/util.py:92: RuntimeWarning: All-NaN slice encountered
  spice_dat = copy.deepcopy(spice_dat_in) - np.nanmean(np.nanmin(spice_dat_in,axis=0))
/cluster/home/zhuyin/scripts/spice-line-fits/linefit_modules/util.py:94: RuntimeWarning: Mean of empty slice
  signal = np.nanmean(signal_cube,axis=(0,2))
/cluster/home/zhuyin/scripts/spice-line-fits/linefit_modules/util.py:94: RuntimeWarning: Mean of empty slice
  signal = np.nanmean(signal_cube,axis=(0,2))
/cluster/home/zhuyin/scripts/spice-line-fits/linefit_modules/util.py:92: RuntimeWarning: All-NaN slice encountered
  spice_dat = copy.deepcopy(spice_dat_in) - np.nanmean(np.nanmin(spice_dat_in,axis=0))
/cluster/home/zhuyin/scripts/spice-line-fits/linefit_modules/util.py:94: RuntimeWarning: Mean of empty slice
  signal = np.nanmean(signal_cube,axis=(0,2))
/cluster/home/zhuyin/scripts/spice-line-fits/linefit_modules/util.py:92: RuntimeWarning: All-NaN slice encountered
  spice_dat = copy.deepcopy(spice_dat_in) - np.nanmean(np.nanmin(spice_dat_in,axis=0))
/cluster/home/zhuyin/scripts/spice-line-fits/linefit_modules/util.py:94: RuntimeWarning: Mean of empty slice
  signal = np.nanmean(signal_cube,axis=(0,2))
/cluster/home/zhuyin/scripts/spice-line-fits/linefit_modules/util.py:92: RuntimeWarning: All-NaN slice encountered
  spice_dat = copy.deepcopy(spice_dat_in) - np.nanmean(np.nanmin(spice_dat_in,axis=0))
/cluster/home/zhuyin/scripts/spice-line-fits/linefit_modules/util.py:94: RuntimeWarning: Mean of empty slice
  signal = np.nanmean(signal_cube,axis=(0,2))
/cluster/home/zhuyin/scripts/spice-line-fits/linefit_modules/util.py:92: RuntimeWarning: All-NaN slice encountered
  spice_dat = copy.deepcopy(spice_dat_in) - np.nanmean(np.nanmin(spice_dat_in,axis=0))
/cluster/home/zhuyin/scripts/spice-line-fits/linefit_modules/util.py:94: RuntimeWarning: Mean of empty slice
  signal = np.nanmean(signal_cube,axis=(0,2))
/cluster/home/zhuyin/scripts/spice-line-fits/linefit_modules/util.py:92: RuntimeWarning: All-NaN slice encountered
  spice_dat = copy.deepcopy(spice_dat_in) - np.nanmean(np.nanmin(spice_dat_in,axis=0))
/cluster/home/zhuyin/scripts/spice-line-fits/linefit_modules/util.py:92: RuntimeWarning: All-NaN slice encountered
  spice_dat = copy.deepcopy(spice_dat_in) - np.nanmean(np.nanmin(spice_dat_in,axis=0))
/cluster/home/zhuyin/scripts/spice-line-fits/linefit_modules/util.py:94: RuntimeWarning: Mean of empty slice
  signal = np.nanmean(signal_cube,axis=(0,2))
/cluster/home/zhuyin/scripts/spice-line-fits/linefit_modules/util.py:94: RuntimeWarning: Mean of empty slice
  signal = np.nanmean(signal_cube,axis=(0,2))
/cluster/home/zhuyin/scripts/spice-line-fits/linefit_modules/util.py:92: RuntimeWarning: All-NaN slice encountered
  spice_dat = copy.deepcopy(spice_dat_in) - np.nanmean(np.nanmin(spice_dat_in,axis=0))
/cluster/home/zhuyin/scripts/spice-line-fits/linefit_modules/util.py:94: RuntimeWarning: Mean of empty slice
  signal = np.nanmean(signal_cube,axis=(0,2))
/cluster/home/zhuyin/scripts/spice-line-fits/linefit_modules/util.py:92: RuntimeWarning: All-NaN slice encountered
  spice_dat = copy.deepcopy(spice_dat_in) - np.nanmean(np.nanmin(spice_dat_in,axis=0))
/cluster/home/zhuyin/scripts/spice-line-fits/linefit_modules/util.py:94: RuntimeWarning: Mean of empty slice
  signal = np.nanmean(signal_cube,axis=(0,2))
/cluster/home/zhuyin/scripts/spice-line-fits/linefit_modules/util.py:92: RuntimeWarning: All-NaN slice encountered
  spice_dat = copy.deepcopy(spice_dat_in) - np.nanmean(np.nanmin(spice_dat_in,axis=0))
/cluster/home/zhuyin/scripts/spice-line-fits/linefit_modules/util.py:94: RuntimeWarning: Mean of empty slice
  signal = np.nanmean(signal_cube,axis=(0,2))
/cluster/home/zhuyin/scripts/spice-line-fits/linefit_modules/util.py:92: RuntimeWarning: All-NaN slice encountered
  spice_dat = copy.deepcopy(spice_dat_in) - np.nanmean(np.nanmin(spice_dat_in,axis=0))
/cluster/home/zhuyin/scripts/spice-line-fits/linefit_modules/util.py:94: RuntimeWarning: Mean of empty slice
  signal = np.nanmean(signal_cube,axis=(0,2))
/cluster/home/zhuyin/scripts/spice-line-fits/linefit_modules/util.py:92: RuntimeWarning: All-NaN slice encountered
  spice_dat = copy.deepcopy(spice_dat_in) - np.nanmean(np.nanmin(spice_dat_in,axis=0))
/cluster/home/zhuyin/scripts/spice-line-fits/linefit_modules/util.py:94: RuntimeWarning: Mean of empty slice
  signal = np.nanmean(signal_cube,axis=(0,2))
/cluster/home/zhuyin/scripts/spice-line-fits/linefit_modules/util.py:92: RuntimeWarning: All-NaN slice encountered
  spice_dat = copy.deepcopy(spice_dat_in) - np.nanmean(np.nanmin(spice_dat_in,axis=0))
/cluster/home/zhuyin/scripts/spice-line-fits/linefit_modules/util.py:94: RuntimeWarning: Mean of empty slice
  signal = np.nanmean(signal_cube,axis=(0,2))
/cluster/home/zhuyin/scripts/spice-line-fits/linefit_modules/util.py:92: RuntimeWarning: All-NaN slice encountered
  spice_dat = copy.deepcopy(spice_dat_in) - np.nanmean(np.nanmin(spice_dat_in,axis=0))
/cluster/home/zhuyin/scripts/spice-line-fits/linefit_modules/util.py:94: RuntimeWarning: Mean of empty slice
  signal = np.nanmean(signal_cube,axis=(0,2))
/cluster/home/zhuyin/scripts/spice-line-fits/linefit_modules/util.py:92: RuntimeWarning: All-NaN slice encountered
  spice_dat = copy.deepcopy(spice_dat_in) - np.nanmean(np.nanmin(spice_dat_in,axis=0))
/cluster/home/zhuyin/scripts/spice-line-fits/linefit_modules/util.py:94: RuntimeWarning: Mean of empty slice
  signal = np.nanmean(signal_cube,axis=(0,2))
/cluster/home/zhuyin/scripts/spice-line-fits/linefit_modules/util.py:92: RuntimeWarning: All-NaN slice encountered
  spice_dat = copy.deepcopy(spice_dat_in) - np.nanmean(np.nanmin(spice_dat_in,axis=0))
/cluster/home/zhuyin/scripts/spice-line-fits/linefit_modules/util.py:94: RuntimeWarning: Mean of empty slice
  signal = np.nanmean(signal_cube,axis=(0,2))
/cluster/home/zhuyin/scripts/spice-line-fits/linefit_modules/util.py:92: RuntimeWarning: All-NaN slice encountered
  spice_dat = copy.deepcopy(spice_dat_in) - np.nanmean(np.nanmin(spice_dat_in,axis=0))
/cluster/home/zhuyin/scripts/spice-line-fits/linefit_modules/util.py:94: RuntimeWarning: Mean of empty slice
  signal = np.nanmean(signal_cube,axis=(0,2))
/cluster/home/zhuyin/scripts/spice-line-fits/linefit_modules/util.py:92: RuntimeWarning: All-NaN slice encountered
  spice_dat = copy.deepcopy(spice_dat_in) - np.nanmean(np.nanmin(spice_dat_in,axis=0))
/cluster/home/zhuyin/scripts/spice-line-fits/linefit_modules/util.py:94: RuntimeWarning: Mean of empty slice
  signal = np.nanmean(signal_cube,axis=(0,2))
/cluster/home/zhuyin/scripts/spice-line-fits/linefit_modules/util.py:92: RuntimeWarning: All-NaN slice encountered
  spice_dat = copy.deepcopy(spice_dat_in) - np.nanmean(np.nanmin(spice_dat_in,axis=0))
/cluster/home/zhuyin/scripts/spice-line-fits/linefit_modules/util.py:94: RuntimeWarning: Mean of empty slice
  signal = np.nanmean(signal_cube,axis=(0,2))
/cluster/home/zhuyin/scripts/spice-line-fits/linefit_modules/util.py:92: RuntimeWarning: All-NaN slice encountered
  spice_dat = copy.deepcopy(spice_dat_in) - np.nanmean(np.nanmin(spice_dat_in,axis=0))
/cluster/home/zhuyin/scripts/spice-line-fits/linefit_modules/util.py:94: RuntimeWarning: Mean of empty slice
  signal = np.nanmean(signal_cube,axis=(0,2))
/cluster/home/zhuyin/scripts/spice-line-fits/linefit_modules/util.py:92: RuntimeWarning: All-NaN slice encountered
  spice_dat = copy.deepcopy(spice_dat_in) - np.nanmean(np.nanmin(spice_dat_in,axis=0))
/cluster/home/zhuyin/scripts/spice-line-fits/linefit_modules/util.py:94: RuntimeWarning: Mean of empty slice
  signal = np.nanmean(signal_cube,axis=(0,2))
/cluster/home/zhuyin/scripts/spice-line-fits/linefit_modules/util.py:92: RuntimeWarning: All-NaN slice encountered
  spice_dat = copy.deepcopy(spice_dat_in) - np.nanmean(np.nanmin(spice_dat_in,axis=0))
/cluster/home/zhuyin/scripts/spice-line-fits/linefit_modules/util.py:94: RuntimeWarning: Mean of empty slice
  signal = np.nanmean(signal_cube,axis=(0,2))
/cluster/home/zhuyin/scripts/spice-line-fits/linefit_modules/util.py:92: RuntimeWarning: All-NaN slice encountered
  spice_dat = copy.deepcopy(spice_dat_in) - np.nanmean(np.nanmin(spice_dat_in,axis=0))
/cluster/home/zhuyin/scripts/spice-line-fits/linefit_modules/util.py:94: RuntimeWarning: Mean of empty slice
  signal = np.nanmean(signal_cube,axis=(0,2))
/cluster/home/zhuyin/scripts/spice-line-fits/linefit_modules/util.py:92: RuntimeWarning: All-NaN slice encountered
  spice_dat = copy.deepcopy(spice_dat_in) - np.nanmean(np.nanmin(spice_dat_in,axis=0))
/cluster/home/zhuyin/scripts/spice-line-fits/linefit_modules/util.py:92: RuntimeWarning: All-NaN slice encountered
  spice_dat = copy.deepcopy(spice_dat_in) - np.nanmean(np.nanmin(spice_dat_in,axis=0))
/cluster/home/zhuyin/scripts/spice-line-fits/linefit_modules/util.py:94: RuntimeWarning: Mean of empty slice
  signal = np.nanmean(signal_cube,axis=(0,2))
/cluster/home/zhuyin/scripts/spice-line-fits/linefit_modules/util.py:94: RuntimeWarning: Mean of empty slice
  signal = np.nanmean(signal_cube,axis=(0,2))
/cluster/home/zhuyin/scripts/spice-line-fits/linefit_modules/util.py:92: RuntimeWarning: All-NaN slice encountered
  spice_dat = copy.deepcopy(spice_dat_in) - np.nanmean(np.nanmin(spice_dat_in,axis=0))
/cluster/home/zhuyin/scripts/spice-line-fits/linefit_modules/util.py:94: RuntimeWarning: Mean of empty slice
  signal = np.nanmean(signal_cube,axis=(0,2))
/cluster/home/zhuyin/scripts/spice-line-fits/linefit_modules/util.py:92: RuntimeWarning: All-NaN slice encountered
  spice_dat = copy.deepcopy(spice_dat_in) - np.nanmean(np.nanmin(spice_dat_in,axis=0))
/cluster/home/zhuyin/scripts/spice-line-fits/linefit_modules/util.py:94: RuntimeWarning: Mean of empty slice
  signal = np.nanmean(signal_cube,axis=(0,2))
/cluster/home/zhuyin/scripts/spice-line-fits/linefit_modules/util.py:92: RuntimeWarning: All-NaN slice encountered
  spice_dat = copy.deepcopy(spice_dat_in) - np.nanmean(np.nanmin(spice_dat_in,axis=0))
/cluster/home/zhuyin/scripts/spice-line-fits/linefit_modules/util.py:94: RuntimeWarning: Mean of empty slice
  signal = np.nanmean(signal_cube,axis=(0,2))
/cluster/home/zhuyin/scripts/spice-line-fits/linefit_modules/util.py:92: RuntimeWarning: All-NaN slice encountered
  spice_dat = copy.deepcopy(spice_dat_in) - np.nanmean(np.nanmin(spice_dat_in,axis=0))
/cluster/home/zhuyin/scripts/spice-line-fits/linefit_modules/util.py:94: RuntimeWarning: Mean of empty slice
  signal = np.nanmean(signal_cube,axis=(0,2))
20210914T025031.560_C_III_977_Peak
