Many modules are hidden in this stack. Use "module --show_hidden spider SOFTWARE" if you are not able to find the required software
Many modules are hidden in this stack. Use "module --show_hidden spider SOFTWARE" if you are not able to find the required software
Filename: /cluster/home/zhuyin/work/spice_psf/spice_data/solo_L2_spice-n-ras_20241023T091006_V02_285212965-003.fits
No.    Name      Ver    Type      Cards   Dimensions   Format
  0  O II 718 - Peak    1 PrimaryHDU     410   (128, 834, 50, 1)   float32   
  1  N IV 765 - Peak    1 ImageHDU       410   (128, 834, 25, 1)   float32   
  2  Ne VIII 770 - Peak    1 ImageHDU       411   (128, 834, 50, 1)   float32   
  3  S V 786 / O IV 787 (Merged)    1 ImageHDU       420   (128, 834, 58, 1)   float32   
  4  Ly Gamma 972 - Peak    1 ImageHDU       410   (128, 834, 17, 1)   float32   
  5  C III 977 - Peak    1 ImageHDU       413   (128, 834, 36, 1)   float32   
  6  O VI 1032 - Peak    1 ImageHDU       413   (128, 834, 34, 1)   float32   
  7  N III 991 (Merged)    1 ImageHDU       418   (128, 834, 56, 1)   float32   
  8  VARIABLE_KEYWORDS    1 BinTableHDU    411   1R x 29C   [128D, 128I, 128I, 128I, 128I, 128I, 128E, 128E, 128E, 128E, 4I, 4I, 4I, 4I, 4J, 4J, 4J, 4J, 2944A, 128D, 128D, 50D, 25D, 50D, 58D, 17D, 36D, 34D, 56D]   
  9  WCSDVARR      1 ImageHDU        28   (128,)   float64   
 10  WCSDVARR      2 ImageHDU        28   (128,)   float64   
 11  SATPIXLIST[S V 786 / O IV 787 - Extend]    1 BinTableHDU     98   236R x 6C   [1E, 1E, 1E, 1E, 1E, 1E]   
 12  SATPIXLIST[C III 977 - Peak]    1 BinTableHDU     98   122R x 6C   [1E, 1E, 1E, 1E, 1E, 1E]   
 13  SATPIXLIST[O VI 1032 - Peak]    1 BinTableHDU     98   12R x 6C   [1E, 1E, 1E, 1E, 1E, 1E]   
[[-5.  -5.  -5.  -5.  -5. ]
 [-2.5 -2.5 -2.5 -2.5 -2.5]
 [ 0.   0.   0.   0.   0. ]
 [ 2.5  2.5  2.5  2.5  2.5]
 [ 5.   5.   5.   5.   5. ]] [[-5.  -2.5  0.   2.5  5. ]
 [-5.  -2.5  0.   2.5  5. ]
 [-5.  -2.5  0.   2.5  5. ]
 [-5.  -2.5  0.   2.5  5. ]
 [-5.  -2.5  0.   2.5  5. ]]
/cluster/home/zhuyin/scripts/spice-line-fits/linefit_modules/util.py:92: RuntimeWarning: All-NaN slice encountered
  spice_dat = copy.deepcopy(spice_dat_in) - np.nanmean(np.nanmin(spice_dat_in,axis=0))
/cluster/home/zhuyin/scripts/spice-line-fits/linefit_modules/util.py:94: RuntimeWarning: Mean of empty slice
  signal = np.nanmean(signal_cube,axis=(0,2))
/cluster/home/zhuyin/scripts/spice-line-fits/linefit_modules/util.py:92: RuntimeWarning: All-NaN slice encountered
  spice_dat = copy.deepcopy(spice_dat_in) - np.nanmean(np.nanmin(spice_dat_in,axis=0))
/cluster/home/zhuyin/scripts/spice-line-fits/linefit_modules/util.py:94: RuntimeWarning: Mean of empty slice
  signal = np.nanmean(signal_cube,axis=(0,2))
/cluster/home/zhuyin/scripts/spice-line-fits/linefit_modules/util.py:92: RuntimeWarning: All-NaN slice encountered
  spice_dat = copy.deepcopy(spice_dat_in) - np.nanmean(np.nanmin(spice_dat_in,axis=0))
/cluster/home/zhuyin/scripts/spice-line-fits/linefit_modules/util.py:94: RuntimeWarning: Mean of empty slice
  signal = np.nanmean(signal_cube,axis=(0,2))
/cluster/home/zhuyin/scripts/spice-line-fits/linefit_modules/util.py:92: RuntimeWarning: All-NaN slice encountered
  spice_dat = copy.deepcopy(spice_dat_in) - np.nanmean(np.nanmin(spice_dat_in,axis=0))
/cluster/home/zhuyin/scripts/spice-line-fits/linefit_modules/util.py:94: RuntimeWarning: Mean of empty slice
  signal = np.nanmean(signal_cube,axis=(0,2))
/cluster/home/zhuyin/scripts/spice-line-fits/linefit_modules/util.py:92: RuntimeWarning: All-NaN slice encountered
  spice_dat = copy.deepcopy(spice_dat_in) - np.nanmean(np.nanmin(spice_dat_in,axis=0))
/cluster/home/zhuyin/scripts/spice-line-fits/linefit_modules/util.py:94: RuntimeWarning: Mean of empty slice
  signal = np.nanmean(signal_cube,axis=(0,2))
/cluster/home/zhuyin/scripts/spice-line-fits/linefit_modules/util.py:92: RuntimeWarning: All-NaN slice encountered
  spice_dat = copy.deepcopy(spice_dat_in) - np.nanmean(np.nanmin(spice_dat_in,axis=0))
/cluster/home/zhuyin/scripts/spice-line-fits/linefit_modules/util.py:94: RuntimeWarning: Mean of empty slice
  signal = np.nanmean(signal_cube,axis=(0,2))
/cluster/home/zhuyin/scripts/spice-line-fits/linefit_modules/util.py:92: RuntimeWarning: All-NaN slice encountered
  spice_dat = copy.deepcopy(spice_dat_in) - np.nanmean(np.nanmin(spice_dat_in,axis=0))
/cluster/home/zhuyin/scripts/spice-line-fits/linefit_modules/util.py:94: RuntimeWarning: Mean of empty slice
  signal = np.nanmean(signal_cube,axis=(0,2))
/cluster/home/zhuyin/scripts/spice-line-fits/linefit_modules/util.py:92: RuntimeWarning: All-NaN slice encountered
  spice_dat = copy.deepcopy(spice_dat_in) - np.nanmean(np.nanmin(spice_dat_in,axis=0))
/cluster/home/zhuyin/scripts/spice-line-fits/linefit_modules/util.py:94: RuntimeWarning: Mean of empty slice
  signal = np.nanmean(signal_cube,axis=(0,2))
/cluster/home/zhuyin/scripts/spice-line-fits/linefit_modules/util.py:92: RuntimeWarning: All-NaN slice encountered
  spice_dat = copy.deepcopy(spice_dat_in) - np.nanmean(np.nanmin(spice_dat_in,axis=0))
/cluster/home/zhuyin/scripts/spice-line-fits/linefit_modules/util.py:94: RuntimeWarning: Mean of empty slice
  signal = np.nanmean(signal_cube,axis=(0,2))
/cluster/home/zhuyin/scripts/spice-line-fits/linefit_modules/util.py:92: RuntimeWarning: All-NaN slice encountered
  spice_dat = copy.deepcopy(spice_dat_in) - np.nanmean(np.nanmin(spice_dat_in,axis=0))
/cluster/home/zhuyin/scripts/spice-line-fits/linefit_modules/util.py:94: RuntimeWarning: Mean of empty slice
  signal = np.nanmean(signal_cube,axis=(0,2))
/cluster/home/zhuyin/scripts/spice-line-fits/linefit_modules/util.py:92: RuntimeWarning: All-NaN slice encountered
  spice_dat = copy.deepcopy(spice_dat_in) - np.nanmean(np.nanmin(spice_dat_in,axis=0))
/cluster/home/zhuyin/scripts/spice-line-fits/linefit_modules/util.py:94: RuntimeWarning: Mean of empty slice
  signal = np.nanmean(signal_cube,axis=(0,2))
/cluster/home/zhuyin/scripts/spice-line-fits/linefit_modules/util.py:92: RuntimeWarning: All-NaN slice encountered
  spice_dat = copy.deepcopy(spice_dat_in) - np.nanmean(np.nanmin(spice_dat_in,axis=0))
/cluster/home/zhuyin/scripts/spice-line-fits/linefit_modules/util.py:94: RuntimeWarning: Mean of empty slice
  signal = np.nanmean(signal_cube,axis=(0,2))
/cluster/home/zhuyin/scripts/spice-line-fits/linefit_modules/util.py:92: RuntimeWarning: All-NaN slice encountered
  spice_dat = copy.deepcopy(spice_dat_in) - np.nanmean(np.nanmin(spice_dat_in,axis=0))
/cluster/home/zhuyin/scripts/spice-line-fits/linefit_modules/util.py:94: RuntimeWarning: Mean of empty slice
  signal = np.nanmean(signal_cube,axis=(0,2))
/cluster/home/zhuyin/scripts/spice-line-fits/linefit_modules/util.py:92: RuntimeWarning: All-NaN slice encountered
  spice_dat = copy.deepcopy(spice_dat_in) - np.nanmean(np.nanmin(spice_dat_in,axis=0))
/cluster/home/zhuyin/scripts/spice-line-fits/linefit_modules/util.py:94: RuntimeWarning: Mean of empty slice
  signal = np.nanmean(signal_cube,axis=(0,2))
/cluster/home/zhuyin/scripts/spice-line-fits/linefit_modules/util.py:92: RuntimeWarning: All-NaN slice encountered
  spice_dat = copy.deepcopy(spice_dat_in) - np.nanmean(np.nanmin(spice_dat_in,axis=0))
/cluster/home/zhuyin/scripts/spice-line-fits/linefit_modules/util.py:94: RuntimeWarning: Mean of empty slice
  signal = np.nanmean(signal_cube,axis=(0,2))
/cluster/home/zhuyin/scripts/spice-line-fits/linefit_modules/util.py:92: RuntimeWarning: All-NaN slice encountered
  spice_dat = copy.deepcopy(spice_dat_in) - np.nanmean(np.nanmin(spice_dat_in,axis=0))
/cluster/home/zhuyin/scripts/spice-line-fits/linefit_modules/util.py:94: RuntimeWarning: Mean of empty slice
  signal = np.nanmean(signal_cube,axis=(0,2))
/cluster/home/zhuyin/scripts/spice-line-fits/linefit_modules/util.py:92: RuntimeWarning: All-NaN slice encountered
  spice_dat = copy.deepcopy(spice_dat_in) - np.nanmean(np.nanmin(spice_dat_in,axis=0))
/cluster/home/zhuyin/scripts/spice-line-fits/linefit_modules/util.py:94: RuntimeWarning: Mean of empty slice
  signal = np.nanmean(signal_cube,axis=(0,2))
/cluster/home/zhuyin/scripts/spice-line-fits/linefit_modules/util.py:92: RuntimeWarning: All-NaN slice encountered
  spice_dat = copy.deepcopy(spice_dat_in) - np.nanmean(np.nanmin(spice_dat_in,axis=0))
/cluster/home/zhuyin/scripts/spice-line-fits/linefit_modules/util.py:94: RuntimeWarning: Mean of empty slice
  signal = np.nanmean(signal_cube,axis=(0,2))
/cluster/home/zhuyin/scripts/spice-line-fits/linefit_modules/util.py:92: RuntimeWarning: All-NaN slice encountered
  spice_dat = copy.deepcopy(spice_dat_in) - np.nanmean(np.nanmin(spice_dat_in,axis=0))
/cluster/home/zhuyin/scripts/spice-line-fits/linefit_modules/util.py:94: RuntimeWarning: Mean of empty slice
  signal = np.nanmean(signal_cube,axis=(0,2))
/cluster/home/zhuyin/scripts/spice-line-fits/linefit_modules/util.py:92: RuntimeWarning: All-NaN slice encountered
  spice_dat = copy.deepcopy(spice_dat_in) - np.nanmean(np.nanmin(spice_dat_in,axis=0))
/cluster/home/zhuyin/scripts/spice-line-fits/linefit_modules/util.py:94: RuntimeWarning: Mean of empty slice
  signal = np.nanmean(signal_cube,axis=(0,2))
/cluster/home/zhuyin/scripts/spice-line-fits/linefit_modules/util.py:92: RuntimeWarning: All-NaN slice encountered
  spice_dat = copy.deepcopy(spice_dat_in) - np.nanmean(np.nanmin(spice_dat_in,axis=0))
/cluster/home/zhuyin/scripts/spice-line-fits/linefit_modules/util.py:94: RuntimeWarning: Mean of empty slice
  signal = np.nanmean(signal_cube,axis=(0,2))
/cluster/home/zhuyin/scripts/spice-line-fits/linefit_modules/util.py:92: RuntimeWarning: All-NaN slice encountered
  spice_dat = copy.deepcopy(spice_dat_in) - np.nanmean(np.nanmin(spice_dat_in,axis=0))
/cluster/home/zhuyin/scripts/spice-line-fits/linefit_modules/util.py:94: RuntimeWarning: Mean of empty slice
  signal = np.nanmean(signal_cube,axis=(0,2))
/cluster/home/zhuyin/scripts/spice-line-fits/linefit_modules/util.py:92: RuntimeWarning: All-NaN slice encountered
  spice_dat = copy.deepcopy(spice_dat_in) - np.nanmean(np.nanmin(spice_dat_in,axis=0))
/cluster/home/zhuyin/scripts/spice-line-fits/linefit_modules/util.py:94: RuntimeWarning: Mean of empty slice
  signal = np.nanmean(signal_cube,axis=(0,2))
/cluster/home/zhuyin/scripts/spice-line-fits/linefit_modules/util.py:92: RuntimeWarning: All-NaN slice encountered
  spice_dat = copy.deepcopy(spice_dat_in) - np.nanmean(np.nanmin(spice_dat_in,axis=0))
/cluster/home/zhuyin/scripts/spice-line-fits/linefit_modules/util.py:94: RuntimeWarning: Mean of empty slice
  signal = np.nanmean(signal_cube,axis=(0,2))
/cluster/home/zhuyin/scripts/spice-line-fits/linefit_modules/util.py:92: RuntimeWarning: All-NaN slice encountered
  spice_dat = copy.deepcopy(spice_dat_in) - np.nanmean(np.nanmin(spice_dat_in,axis=0))
/cluster/home/zhuyin/scripts/spice-line-fits/linefit_modules/util.py:94: RuntimeWarning: Mean of empty slice
  signal = np.nanmean(signal_cube,axis=(0,2))
/cluster/home/zhuyin/scripts/spice-line-fits/linefit_modules/util.py:92: RuntimeWarning: All-NaN slice encountered
  spice_dat = copy.deepcopy(spice_dat_in) - np.nanmean(np.nanmin(spice_dat_in,axis=0))
/cluster/home/zhuyin/scripts/spice-line-fits/linefit_modules/util.py:94: RuntimeWarning: Mean of empty slice
  signal = np.nanmean(signal_cube,axis=(0,2))
/cluster/home/zhuyin/scripts/spice-line-fits/linefit_modules/util.py:92: RuntimeWarning: All-NaN slice encountered
  spice_dat = copy.deepcopy(spice_dat_in) - np.nanmean(np.nanmin(spice_dat_in,axis=0))
/cluster/home/zhuyin/scripts/spice-line-fits/linefit_modules/util.py:94: RuntimeWarning: Mean of empty slice
  signal = np.nanmean(signal_cube,axis=(0,2))
/cluster/home/zhuyin/scripts/spice-line-fits/linefit_modules/util.py:92: RuntimeWarning: All-NaN slice encountered
  spice_dat = copy.deepcopy(spice_dat_in) - np.nanmean(np.nanmin(spice_dat_in,axis=0))
/cluster/home/zhuyin/scripts/spice-line-fits/linefit_modules/util.py:94: RuntimeWarning: Mean of empty slice
  signal = np.nanmean(signal_cube,axis=(0,2))
/cluster/home/zhuyin/scripts/spice-line-fits/linefit_modules/util.py:92: RuntimeWarning: All-NaN slice encountered
  spice_dat = copy.deepcopy(spice_dat_in) - np.nanmean(np.nanmin(spice_dat_in,axis=0))
/cluster/home/zhuyin/scripts/spice-line-fits/linefit_modules/util.py:94: RuntimeWarning: Mean of empty slice
  signal = np.nanmean(signal_cube,axis=(0,2))
/cluster/home/zhuyin/scripts/spice-line-fits/linefit_modules/util.py:92: RuntimeWarning: All-NaN slice encountered
  spice_dat = copy.deepcopy(spice_dat_in) - np.nanmean(np.nanmin(spice_dat_in,axis=0))
/cluster/home/zhuyin/scripts/spice-line-fits/linefit_modules/util.py:94: RuntimeWarning: Mean of empty slice
  signal = np.nanmean(signal_cube,axis=(0,2))
/cluster/home/zhuyin/scripts/spice-line-fits/linefit_modules/util.py:92: RuntimeWarning: All-NaN slice encountered
  spice_dat = copy.deepcopy(spice_dat_in) - np.nanmean(np.nanmin(spice_dat_in,axis=0))
/cluster/home/zhuyin/scripts/spice-line-fits/linefit_modules/util.py:94: RuntimeWarning: Mean of empty slice
  signal = np.nanmean(signal_cube,axis=(0,2))
/cluster/home/zhuyin/scripts/spice-line-fits/linefit_modules/util.py:92: RuntimeWarning: All-NaN slice encountered
  spice_dat = copy.deepcopy(spice_dat_in) - np.nanmean(np.nanmin(spice_dat_in,axis=0))
/cluster/home/zhuyin/scripts/spice-line-fits/linefit_modules/util.py:94: RuntimeWarning: Mean of empty slice
  signal = np.nanmean(signal_cube,axis=(0,2))
/cluster/home/zhuyin/scripts/spice-line-fits/linefit_modules/util.py:92: RuntimeWarning: All-NaN slice encountered
  spice_dat = copy.deepcopy(spice_dat_in) - np.nanmean(np.nanmin(spice_dat_in,axis=0))
/cluster/home/zhuyin/scripts/spice-line-fits/linefit_modules/util.py:92: RuntimeWarning: All-NaN slice encountered
  spice_dat = copy.deepcopy(spice_dat_in) - np.nanmean(np.nanmin(spice_dat_in,axis=0))
/cluster/home/zhuyin/scripts/spice-line-fits/linefit_modules/util.py:94: RuntimeWarning: Mean of empty slice
  signal = np.nanmean(signal_cube,axis=(0,2))
/cluster/home/zhuyin/scripts/spice-line-fits/linefit_modules/util.py:94: RuntimeWarning: Mean of empty slice
  signal = np.nanmean(signal_cube,axis=(0,2))
/cluster/home/zhuyin/scripts/spice-line-fits/linefit_modules/util.py:92: RuntimeWarning: All-NaN slice encountered
  spice_dat = copy.deepcopy(spice_dat_in) - np.nanmean(np.nanmin(spice_dat_in,axis=0))
/cluster/home/zhuyin/scripts/spice-line-fits/linefit_modules/util.py:92: RuntimeWarning: All-NaN slice encountered
  spice_dat = copy.deepcopy(spice_dat_in) - np.nanmean(np.nanmin(spice_dat_in,axis=0))
/cluster/home/zhuyin/scripts/spice-line-fits/linefit_modules/util.py:92: RuntimeWarning: All-NaN slice encountered
  spice_dat = copy.deepcopy(spice_dat_in) - np.nanmean(np.nanmin(spice_dat_in,axis=0))
/cluster/home/zhuyin/scripts/spice-line-fits/linefit_modules/util.py:94: RuntimeWarning: Mean of empty slice
  signal = np.nanmean(signal_cube,axis=(0,2))
/cluster/home/zhuyin/scripts/spice-line-fits/linefit_modules/util.py:94: RuntimeWarning: Mean of empty slice
  signal = np.nanmean(signal_cube,axis=(0,2))
/cluster/home/zhuyin/scripts/spice-line-fits/linefit_modules/util.py:94: RuntimeWarning: Mean of empty slice
  signal = np.nanmean(signal_cube,axis=(0,2))
/cluster/home/zhuyin/scripts/spice-line-fits/linefit_modules/util.py:92: RuntimeWarning: All-NaN slice encountered
  spice_dat = copy.deepcopy(spice_dat_in) - np.nanmean(np.nanmin(spice_dat_in,axis=0))
/cluster/home/zhuyin/scripts/spice-line-fits/linefit_modules/util.py:94: RuntimeWarning: Mean of empty slice
  signal = np.nanmean(signal_cube,axis=(0,2))
/cluster/home/zhuyin/scripts/spice-line-fits/linefit_modules/util.py:92: RuntimeWarning: All-NaN slice encountered
  spice_dat = copy.deepcopy(spice_dat_in) - np.nanmean(np.nanmin(spice_dat_in,axis=0))
/cluster/home/zhuyin/scripts/spice-line-fits/linefit_modules/util.py:94: RuntimeWarning: Mean of empty slice
  signal = np.nanmean(signal_cube,axis=(0,2))
/cluster/home/zhuyin/scripts/spice-line-fits/linefit_modules/util.py:92: RuntimeWarning: All-NaN slice encountered
  spice_dat = copy.deepcopy(spice_dat_in) - np.nanmean(np.nanmin(spice_dat_in,axis=0))
/cluster/home/zhuyin/scripts/spice-line-fits/linefit_modules/util.py:94: RuntimeWarning: Mean of empty slice
  signal = np.nanmean(signal_cube,axis=(0,2))
/cluster/home/zhuyin/scripts/spice-line-fits/linefit_modules/util.py:92: RuntimeWarning: All-NaN slice encountered
  spice_dat = copy.deepcopy(spice_dat_in) - np.nanmean(np.nanmin(spice_dat_in,axis=0))
/cluster/home/zhuyin/scripts/spice-line-fits/linefit_modules/util.py:94: RuntimeWarning: Mean of empty slice
  signal = np.nanmean(signal_cube,axis=(0,2))
/cluster/home/zhuyin/scripts/spice-line-fits/linefit_modules/util.py:92: RuntimeWarning: All-NaN slice encountered
  spice_dat = copy.deepcopy(spice_dat_in) - np.nanmean(np.nanmin(spice_dat_in,axis=0))
/cluster/home/zhuyin/scripts/spice-line-fits/linefit_modules/util.py:94: RuntimeWarning: Mean of empty slice
  signal = np.nanmean(signal_cube,axis=(0,2))
/cluster/home/zhuyin/scripts/spice-line-fits/linefit_modules/util.py:92: RuntimeWarning: All-NaN slice encountered
  spice_dat = copy.deepcopy(spice_dat_in) - np.nanmean(np.nanmin(spice_dat_in,axis=0))
/cluster/home/zhuyin/scripts/spice-line-fits/linefit_modules/util.py:94: RuntimeWarning: Mean of empty slice
  signal = np.nanmean(signal_cube,axis=(0,2))
/cluster/home/zhuyin/scripts/spice-line-fits/linefit_modules/util.py:92: RuntimeWarning: All-NaN slice encountered
  spice_dat = copy.deepcopy(spice_dat_in) - np.nanmean(np.nanmin(spice_dat_in,axis=0))
/cluster/home/zhuyin/scripts/spice-line-fits/linefit_modules/util.py:94: RuntimeWarning: Mean of empty slice
  signal = np.nanmean(signal_cube,axis=(0,2))
/cluster/home/zhuyin/scripts/spice-line-fits/linefit_modules/util.py:92: RuntimeWarning: All-NaN slice encountered
  spice_dat = copy.deepcopy(spice_dat_in) - np.nanmean(np.nanmin(spice_dat_in,axis=0))
/cluster/home/zhuyin/scripts/spice-line-fits/linefit_modules/util.py:94: RuntimeWarning: Mean of empty slice
  signal = np.nanmean(signal_cube,axis=(0,2))
/cluster/home/zhuyin/scripts/spice-line-fits/linefit_modules/util.py:92: RuntimeWarning: All-NaN slice encountered
  spice_dat = copy.deepcopy(spice_dat_in) - np.nanmean(np.nanmin(spice_dat_in,axis=0))
/cluster/home/zhuyin/scripts/spice-line-fits/linefit_modules/util.py:94: RuntimeWarning: Mean of empty slice
  signal = np.nanmean(signal_cube,axis=(0,2))
/cluster/home/zhuyin/scripts/spice-line-fits/linefit_modules/util.py:92: RuntimeWarning: All-NaN slice encountered
  spice_dat = copy.deepcopy(spice_dat_in) - np.nanmean(np.nanmin(spice_dat_in,axis=0))
/cluster/home/zhuyin/scripts/spice-line-fits/linefit_modules/util.py:94: RuntimeWarning: Mean of empty slice
  signal = np.nanmean(signal_cube,axis=(0,2))
/cluster/home/zhuyin/scripts/spice-line-fits/linefit_modules/util.py:92: RuntimeWarning: All-NaN slice encountered
  spice_dat = copy.deepcopy(spice_dat_in) - np.nanmean(np.nanmin(spice_dat_in,axis=0))
/cluster/home/zhuyin/scripts/spice-line-fits/linefit_modules/util.py:94: RuntimeWarning: Mean of empty slice
  signal = np.nanmean(signal_cube,axis=(0,2))
/cluster/home/zhuyin/scripts/spice-line-fits/linefit_modules/util.py:92: RuntimeWarning: All-NaN slice encountered
  spice_dat = copy.deepcopy(spice_dat_in) - np.nanmean(np.nanmin(spice_dat_in,axis=0))
/cluster/home/zhuyin/scripts/spice-line-fits/linefit_modules/util.py:94: RuntimeWarning: Mean of empty slice
  signal = np.nanmean(signal_cube,axis=(0,2))
/cluster/home/zhuyin/scripts/spice-line-fits/linefit_modules/util.py:92: RuntimeWarning: All-NaN slice encountered
  spice_dat = copy.deepcopy(spice_dat_in) - np.nanmean(np.nanmin(spice_dat_in,axis=0))
/cluster/home/zhuyin/scripts/spice-line-fits/linefit_modules/util.py:94: RuntimeWarning: Mean of empty slice
  signal = np.nanmean(signal_cube,axis=(0,2))
/cluster/home/zhuyin/scripts/spice-line-fits/linefit_modules/util.py:92: RuntimeWarning: All-NaN slice encountered
  spice_dat = copy.deepcopy(spice_dat_in) - np.nanmean(np.nanmin(spice_dat_in,axis=0))
/cluster/home/zhuyin/scripts/spice-line-fits/linefit_modules/util.py:94: RuntimeWarning: Mean of empty slice
  signal = np.nanmean(signal_cube,axis=(0,2))
/cluster/home/zhuyin/scripts/spice-line-fits/linefit_modules/util.py:92: RuntimeWarning: All-NaN slice encountered
  spice_dat = copy.deepcopy(spice_dat_in) - np.nanmean(np.nanmin(spice_dat_in,axis=0))
/cluster/home/zhuyin/scripts/spice-line-fits/linefit_modules/util.py:92: RuntimeWarning: All-NaN slice encountered
  spice_dat = copy.deepcopy(spice_dat_in) - np.nanmean(np.nanmin(spice_dat_in,axis=0))
/cluster/home/zhuyin/scripts/spice-line-fits/linefit_modules/util.py:94: RuntimeWarning: Mean of empty slice
  signal = np.nanmean(signal_cube,axis=(0,2))
/cluster/home/zhuyin/scripts/spice-line-fits/linefit_modules/util.py:94: RuntimeWarning: Mean of empty slice
  signal = np.nanmean(signal_cube,axis=(0,2))
/cluster/home/zhuyin/scripts/spice-line-fits/linefit_modules/util.py:92: RuntimeWarning: All-NaN slice encountered
  spice_dat = copy.deepcopy(spice_dat_in) - np.nanmean(np.nanmin(spice_dat_in,axis=0))
/cluster/home/zhuyin/scripts/spice-line-fits/linefit_modules/util.py:94: RuntimeWarning: Mean of empty slice
  signal = np.nanmean(signal_cube,axis=(0,2))
/cluster/home/zhuyin/scripts/spice-line-fits/linefit_modules/util.py:92: RuntimeWarning: All-NaN slice encountered
  spice_dat = copy.deepcopy(spice_dat_in) - np.nanmean(np.nanmin(spice_dat_in,axis=0))
/cluster/home/zhuyin/scripts/spice-line-fits/linefit_modules/util.py:94: RuntimeWarning: Mean of empty slice
  signal = np.nanmean(signal_cube,axis=(0,2))
/cluster/home/zhuyin/scripts/spice-line-fits/linefit_modules/util.py:92: RuntimeWarning: All-NaN slice encountered
  spice_dat = copy.deepcopy(spice_dat_in) - np.nanmean(np.nanmin(spice_dat_in,axis=0))
/cluster/home/zhuyin/scripts/spice-line-fits/linefit_modules/util.py:94: RuntimeWarning: Mean of empty slice
  signal = np.nanmean(signal_cube,axis=(0,2))
/cluster/home/zhuyin/scripts/spice-line-fits/linefit_modules/util.py:92: RuntimeWarning: All-NaN slice encountered
  spice_dat = copy.deepcopy(spice_dat_in) - np.nanmean(np.nanmin(spice_dat_in,axis=0))
/cluster/home/zhuyin/scripts/spice-line-fits/linefit_modules/util.py:94: RuntimeWarning: Mean of empty slice
  signal = np.nanmean(signal_cube,axis=(0,2))
/cluster/home/zhuyin/scripts/spice-line-fits/linefit_modules/util.py:92: RuntimeWarning: All-NaN slice encountered
  spice_dat = copy.deepcopy(spice_dat_in) - np.nanmean(np.nanmin(spice_dat_in,axis=0))
/cluster/home/zhuyin/scripts/spice-line-fits/linefit_modules/util.py:94: RuntimeWarning: Mean of empty slice
  signal = np.nanmean(signal_cube,axis=(0,2))
/cluster/home/zhuyin/scripts/spice-line-fits/linefit_modules/util.py:92: RuntimeWarning: All-NaN slice encountered
  spice_dat = copy.deepcopy(spice_dat_in) - np.nanmean(np.nanmin(spice_dat_in,axis=0))
/cluster/home/zhuyin/scripts/spice-line-fits/linefit_modules/util.py:94: RuntimeWarning: Mean of empty slice
  signal = np.nanmean(signal_cube,axis=(0,2))
/cluster/home/zhuyin/scripts/spice-line-fits/linefit_modules/util.py:92: RuntimeWarning: All-NaN slice encountered
  spice_dat = copy.deepcopy(spice_dat_in) - np.nanmean(np.nanmin(spice_dat_in,axis=0))
/cluster/home/zhuyin/scripts/spice-line-fits/linefit_modules/util.py:94: RuntimeWarning: Mean of empty slice
  signal = np.nanmean(signal_cube,axis=(0,2))
/cluster/home/zhuyin/scripts/spice-line-fits/linefit_modules/util.py:92: RuntimeWarning: All-NaN slice encountered
  spice_dat = copy.deepcopy(spice_dat_in) - np.nanmean(np.nanmin(spice_dat_in,axis=0))
/cluster/home/zhuyin/scripts/spice-line-fits/linefit_modules/util.py:94: RuntimeWarning: Mean of empty slice
  signal = np.nanmean(signal_cube,axis=(0,2))
/cluster/home/zhuyin/scripts/spice-line-fits/linefit_modules/util.py:92: RuntimeWarning: All-NaN slice encountered
  spice_dat = copy.deepcopy(spice_dat_in) - np.nanmean(np.nanmin(spice_dat_in,axis=0))
/cluster/home/zhuyin/scripts/spice-line-fits/linefit_modules/util.py:94: RuntimeWarning: Mean of empty slice
  signal = np.nanmean(signal_cube,axis=(0,2))
/cluster/home/zhuyin/scripts/spice-line-fits/linefit_modules/util.py:92: RuntimeWarning: All-NaN slice encountered
  spice_dat = copy.deepcopy(spice_dat_in) - np.nanmean(np.nanmin(spice_dat_in,axis=0))
/cluster/home/zhuyin/scripts/spice-line-fits/linefit_modules/util.py:94: RuntimeWarning: Mean of empty slice
  signal = np.nanmean(signal_cube,axis=(0,2))
/cluster/home/zhuyin/scripts/spice-line-fits/linefit_modules/util.py:92: RuntimeWarning: All-NaN slice encountered
  spice_dat = copy.deepcopy(spice_dat_in) - np.nanmean(np.nanmin(spice_dat_in,axis=0))
/cluster/home/zhuyin/scripts/spice-line-fits/linefit_modules/util.py:94: RuntimeWarning: Mean of empty slice
  signal = np.nanmean(signal_cube,axis=(0,2))
/cluster/home/zhuyin/scripts/spice-line-fits/linefit_modules/util.py:92: RuntimeWarning: All-NaN slice encountered
  spice_dat = copy.deepcopy(spice_dat_in) - np.nanmean(np.nanmin(spice_dat_in,axis=0))
/cluster/home/zhuyin/scripts/spice-line-fits/linefit_modules/util.py:94: RuntimeWarning: Mean of empty slice
  signal = np.nanmean(signal_cube,axis=(0,2))
/cluster/home/zhuyin/scripts/spice-line-fits/linefit_modules/util.py:92: RuntimeWarning: All-NaN slice encountered
  spice_dat = copy.deepcopy(spice_dat_in) - np.nanmean(np.nanmin(spice_dat_in,axis=0))
/cluster/home/zhuyin/scripts/spice-line-fits/linefit_modules/util.py:94: RuntimeWarning: Mean of empty slice
  signal = np.nanmean(signal_cube,axis=(0,2))
/cluster/home/zhuyin/scripts/spice-line-fits/linefit_modules/util.py:92: RuntimeWarning: All-NaN slice encountered
  spice_dat = copy.deepcopy(spice_dat_in) - np.nanmean(np.nanmin(spice_dat_in,axis=0))
/cluster/home/zhuyin/scripts/spice-line-fits/linefit_modules/util.py:94: RuntimeWarning: Mean of empty slice
  signal = np.nanmean(signal_cube,axis=(0,2))
/cluster/home/zhuyin/scripts/spice-line-fits/linefit_modules/util.py:92: RuntimeWarning: All-NaN slice encountered
  spice_dat = copy.deepcopy(spice_dat_in) - np.nanmean(np.nanmin(spice_dat_in,axis=0))
/cluster/home/zhuyin/scripts/spice-line-fits/linefit_modules/util.py:94: RuntimeWarning: Mean of empty slice
  signal = np.nanmean(signal_cube,axis=(0,2))
/cluster/home/zhuyin/scripts/spice-line-fits/linefit_modules/util.py:92: RuntimeWarning: All-NaN slice encountered
  spice_dat = copy.deepcopy(spice_dat_in) - np.nanmean(np.nanmin(spice_dat_in,axis=0))
/cluster/home/zhuyin/scripts/spice-line-fits/linefit_modules/util.py:94: RuntimeWarning: Mean of empty slice
  signal = np.nanmean(signal_cube,axis=(0,2))
/cluster/home/zhuyin/scripts/spice-line-fits/linefit_modules/util.py:92: RuntimeWarning: All-NaN slice encountered
  spice_dat = copy.deepcopy(spice_dat_in) - np.nanmean(np.nanmin(spice_dat_in,axis=0))
/cluster/home/zhuyin/scripts/spice-line-fits/linefit_modules/util.py:94: RuntimeWarning: Mean of empty slice
  signal = np.nanmean(signal_cube,axis=(0,2))
/cluster/home/zhuyin/scripts/spice-line-fits/linefit_modules/util.py:92: RuntimeWarning: All-NaN slice encountered
  spice_dat = copy.deepcopy(spice_dat_in) - np.nanmean(np.nanmin(spice_dat_in,axis=0))
/cluster/home/zhuyin/scripts/spice-line-fits/linefit_modules/util.py:92: RuntimeWarning: All-NaN slice encountered
  spice_dat = copy.deepcopy(spice_dat_in) - np.nanmean(np.nanmin(spice_dat_in,axis=0))
/cluster/home/zhuyin/scripts/spice-line-fits/linefit_modules/util.py:94: RuntimeWarning: Mean of empty slice
  signal = np.nanmean(signal_cube,axis=(0,2))
/cluster/home/zhuyin/scripts/spice-line-fits/linefit_modules/util.py:94: RuntimeWarning: Mean of empty slice
  signal = np.nanmean(signal_cube,axis=(0,2))
/cluster/home/zhuyin/scripts/spice-line-fits/linefit_modules/util.py:92: RuntimeWarning: All-NaN slice encountered
  spice_dat = copy.deepcopy(spice_dat_in) - np.nanmean(np.nanmin(spice_dat_in,axis=0))
/cluster/home/zhuyin/scripts/spice-line-fits/linefit_modules/util.py:94: RuntimeWarning: Mean of empty slice
  signal = np.nanmean(signal_cube,axis=(0,2))
/cluster/home/zhuyin/scripts/spice-line-fits/linefit_modules/util.py:92: RuntimeWarning: All-NaN slice encountered
  spice_dat = copy.deepcopy(spice_dat_in) - np.nanmean(np.nanmin(spice_dat_in,axis=0))
/cluster/home/zhuyin/scripts/spice-line-fits/linefit_modules/util.py:92: RuntimeWarning: All-NaN slice encountered
  spice_dat = copy.deepcopy(spice_dat_in) - np.nanmean(np.nanmin(spice_dat_in,axis=0))
/cluster/home/zhuyin/scripts/spice-line-fits/linefit_modules/util.py:94: RuntimeWarning: Mean of empty slice
  signal = np.nanmean(signal_cube,axis=(0,2))
/cluster/home/zhuyin/scripts/spice-line-fits/linefit_modules/util.py:94: RuntimeWarning: Mean of empty slice
  signal = np.nanmean(signal_cube,axis=(0,2))
/cluster/home/zhuyin/scripts/spice-line-fits/linefit_modules/util.py:92: RuntimeWarning: All-NaN slice encountered
  spice_dat = copy.deepcopy(spice_dat_in) - np.nanmean(np.nanmin(spice_dat_in,axis=0))
/cluster/home/zhuyin/scripts/spice-line-fits/linefit_modules/util.py:94: RuntimeWarning: Mean of empty slice
  signal = np.nanmean(signal_cube,axis=(0,2))
/cluster/home/zhuyin/scripts/spice-line-fits/linefit_modules/util.py:92: RuntimeWarning: All-NaN slice encountered
  spice_dat = copy.deepcopy(spice_dat_in) - np.nanmean(np.nanmin(spice_dat_in,axis=0))
/cluster/home/zhuyin/scripts/spice-line-fits/linefit_modules/util.py:94: RuntimeWarning: Mean of empty slice
  signal = np.nanmean(signal_cube,axis=(0,2))
/cluster/home/zhuyin/scripts/spice-line-fits/linefit_modules/util.py:92: RuntimeWarning: All-NaN slice encountered
  spice_dat = copy.deepcopy(spice_dat_in) - np.nanmean(np.nanmin(spice_dat_in,axis=0))
/cluster/home/zhuyin/scripts/spice-line-fits/linefit_modules/util.py:94: RuntimeWarning: Mean of empty slice
  signal = np.nanmean(signal_cube,axis=(0,2))
/cluster/home/zhuyin/scripts/spice-line-fits/linefit_modules/util.py:92: RuntimeWarning: All-NaN slice encountered
  spice_dat = copy.deepcopy(spice_dat_in) - np.nanmean(np.nanmin(spice_dat_in,axis=0))
/cluster/home/zhuyin/scripts/spice-line-fits/linefit_modules/util.py:94: RuntimeWarning: Mean of empty slice
  signal = np.nanmean(signal_cube,axis=(0,2))
/cluster/home/zhuyin/scripts/spice-line-fits/linefit_modules/util.py:92: RuntimeWarning: All-NaN slice encountered
  spice_dat = copy.deepcopy(spice_dat_in) - np.nanmean(np.nanmin(spice_dat_in,axis=0))
/cluster/home/zhuyin/scripts/spice-line-fits/linefit_modules/util.py:94: RuntimeWarning: Mean of empty slice
  signal = np.nanmean(signal_cube,axis=(0,2))
/cluster/home/zhuyin/scripts/spice-line-fits/linefit_modules/util.py:92: RuntimeWarning: All-NaN slice encountered
  spice_dat = copy.deepcopy(spice_dat_in) - np.nanmean(np.nanmin(spice_dat_in,axis=0))
/cluster/home/zhuyin/scripts/spice-line-fits/linefit_modules/util.py:94: RuntimeWarning: Mean of empty slice
  signal = np.nanmean(signal_cube,axis=(0,2))
/cluster/home/zhuyin/scripts/spice-line-fits/linefit_modules/util.py:92: RuntimeWarning: All-NaN slice encountered
  spice_dat = copy.deepcopy(spice_dat_in) - np.nanmean(np.nanmin(spice_dat_in,axis=0))
/cluster/home/zhuyin/scripts/spice-line-fits/linefit_modules/util.py:94: RuntimeWarning: Mean of empty slice
  signal = np.nanmean(signal_cube,axis=(0,2))
20241023T091006.186_Ne_VIII_770_Peak
