Many modules are hidden in this stack. Use "module --show_hidden spider SOFTWARE" if you are not able to find the required software
Many modules are hidden in this stack. Use "module --show_hidden spider SOFTWARE" if you are not able to find the required software
Filename: /cluster/home/zhuyin/work/spice_psf/spice_data/solo_L2_spice-n-ras_20231026T105531_V22_218104178-000.fits
No.    Name      Ver    Type      Cards   Dimensions   Format
  0  O III 703 binned (Merged)    1 PrimaryHDU     428   (160, 830, 56, 1)   float32   
  1  S IV (Merged)    1 ImageHDU       427   (160, 830, 40, 1)   float32   
  2  N IV 765 ... Ne VIII 770 (Merged)    1 ImageHDU       427   (160, 830, 72, 1)   float32   
  3  SV 786+O IV 787 + S V 786+O IV 787 (Merged)    1 ImageHDU       429   (160, 830, 40, 1)   float32   
  4  Ly Gamma 972 - Peak    1 ImageHDU       420   (160, 830, 18, 1)   float32   
  5  N III 991 (Merged)    1 ImageHDU       427   (160, 830, 59, 1)   float32   
  6  VARIABLE_KEYWORDS    1 BinTableHDU    385   1R x 27C   [160D, 160I, 160I, 160I, 160I, 160I, 160E, 160E, 160E, 160E, 5I, 5I, 5I, 5I, 5J, 5J, 5J, 5J, 3680A, 160D, 160D, 56D, 40D, 72D, 40D, 18D, 59D]   
  7  WCSDVARR      1 ImageHDU        28   (160,)   float64   
  8  WCSDVARR      2 ImageHDU        28   (160,)   float64   
  9  SATPIXLIST[O III 703 binned 1/3]    1 BinTableHDU     98   4R x 6C   [1E, 1E, 1E, 1E, 1E, 1E]   
 10  SATPIXLIST[SV 786+O IV 787 SH (lambda bin 2)]    1 BinTableHDU     98   4R x 6C   [1E, 1E, 1E, 1E, 1E, 1E]   
[[-5.  -5.  -5.  -5.  -5. ]
 [-2.5 -2.5 -2.5 -2.5 -2.5]
 [ 0.   0.   0.   0.   0. ]
 [ 2.5  2.5  2.5  2.5  2.5]
 [ 5.   5.   5.   5.   5. ]] [[-5.  -2.5  0.   2.5  5. ]
 [-5.  -2.5  0.   2.5  5. ]
 [-5.  -2.5  0.   2.5  5. ]
 [-5.  -2.5  0.   2.5  5. ]
 [-5.  -2.5  0.   2.5  5. ]]
/cluster/home/zhuyin/scripts/spice-line-fits/linefit_modules/util.py:92: RuntimeWarning: All-NaN slice encountered
  spice_dat = copy.deepcopy(spice_dat_in) - np.nanmean(np.nanmin(spice_dat_in,axis=0))
/cluster/home/zhuyin/scripts/spice-line-fits/linefit_modules/util.py:94: RuntimeWarning: Mean of empty slice
  signal = np.nanmean(signal_cube,axis=(0,2))
/cluster/home/zhuyin/scripts/spice-line-fits/linefit_modules/util.py:92: RuntimeWarning: All-NaN slice encountered
  spice_dat = copy.deepcopy(spice_dat_in) - np.nanmean(np.nanmin(spice_dat_in,axis=0))
/cluster/home/zhuyin/scripts/spice-line-fits/linefit_modules/util.py:94: RuntimeWarning: Mean of empty slice
  signal = np.nanmean(signal_cube,axis=(0,2))
20231026T105531.838_N_IV_765_..._Ne_VIII_770_(Merged)
