Many modules are hidden in this stack. Use "module --show_hidden spider SOFTWARE" if you are not able to find the required software
Many modules are hidden in this stack. Use "module --show_hidden spider SOFTWARE" if you are not able to find the required software
Filename: /cluster/home/zhuyin/work/spice_psf/spice_data/solo_L2_spice-n-ras_20231026T093152_V22_218104177-004.fits
No.    Name      Ver    Type      Cards   Dimensions   Format
  0  O III 703 Peak    1 PrimaryHDU     416   (160, 834, 50, 1)   float32   
  1  O II 718 - Peak (spectral bin 2)    1 ImageHDU       416   (160, 834, 25, 1)   float32   
  2  O V 760 (Merged)    1 ImageHDU       426   (160, 834, 80, 1)   float32   
  3  N IV 765 - Peak    1 ImageHDU       416   (160, 834, 25, 1)   float32   
  4  Ne VIII 770 - Peak    1 ImageHDU       416   (160, 834, 25, 1)   float32   
  5  S V 786 / O IV 787 (Merged)    1 ImageHDU       426   (160, 834, 80, 1)   float32   
  6  C III 977 - Peak    1 ImageHDU       416   (160, 834, 17, 1)   float32   
  7  Ly Beta 1025 - Peak    1 ImageHDU       416   (160, 834, 17, 1)   float32   
  8  O VI 1032 - Peak    1 ImageHDU       416   (160, 834, 17, 1)   float32   
  9  VARIABLE_KEYWORDS    1 BinTableHDU    424   1R x 30C   [160D, 160I, 160I, 160I, 160I, 160I, 160E, 160E, 160E, 160E, 5I, 5I, 5I, 5I, 5J, 5J, 5J, 5J, 3680A, 160D, 160D, 50D, 25D, 80D, 25D, 25D, 80D, 17D, 17D, 17D]   
 10  WCSDVARR      1 ImageHDU        28   (160,)   float64   
 11  WCSDVARR      2 ImageHDU        28   (160,)   float64   
 12  SATPIXLIST[O V 760 - SH]    1 BinTableHDU     98   10R x 6C   [1E, 1E, 1E, 1E, 1E, 1E]   
 13  SATPIXLIST[S V 786 / O IV 787 - SH]    1 BinTableHDU     98   328R x 6C   [1E, 1E, 1E, 1E, 1E, 1E]   
[[-5.  -5.  -5.  -5.  -5. ]
 [-2.5 -2.5 -2.5 -2.5 -2.5]
 [ 0.   0.   0.   0.   0. ]
 [ 2.5  2.5  2.5  2.5  2.5]
 [ 5.   5.   5.   5.   5. ]] [[-5.  -2.5  0.   2.5  5. ]
 [-5.  -2.5  0.   2.5  5. ]
 [-5.  -2.5  0.   2.5  5. ]
 [-5.  -2.5  0.   2.5  5. ]
 [-5.  -2.5  0.   2.5  5. ]]
/cluster/home/zhuyin/scripts/spice-line-fits/linefit_modules/util.py:92: RuntimeWarning: All-NaN slice encountered
  spice_dat = copy.deepcopy(spice_dat_in) - np.nanmean(np.nanmin(spice_dat_in,axis=0))
/cluster/home/zhuyin/scripts/spice-line-fits/linefit_modules/util.py:92: RuntimeWarning: All-NaN slice encountered
  spice_dat = copy.deepcopy(spice_dat_in) - np.nanmean(np.nanmin(spice_dat_in,axis=0))
/cluster/home/zhuyin/scripts/spice-line-fits/linefit_modules/util.py:92: RuntimeWarning: All-NaN slice encountered
  spice_dat = copy.deepcopy(spice_dat_in) - np.nanmean(np.nanmin(spice_dat_in,axis=0))
/cluster/home/zhuyin/scripts/spice-line-fits/linefit_modules/util.py:94: RuntimeWarning: Mean of empty slice
  signal = np.nanmean(signal_cube,axis=(0,2))
/cluster/home/zhuyin/scripts/spice-line-fits/linefit_modules/util.py:94: RuntimeWarning: Mean of empty slice
  signal = np.nanmean(signal_cube,axis=(0,2))
/cluster/home/zhuyin/scripts/spice-line-fits/linefit_modules/util.py:94: RuntimeWarning: Mean of empty slice
  signal = np.nanmean(signal_cube,axis=(0,2))
/cluster/home/zhuyin/scripts/spice-line-fits/linefit_modules/util.py:92: RuntimeWarning: All-NaN slice encountered
  spice_dat = copy.deepcopy(spice_dat_in) - np.nanmean(np.nanmin(spice_dat_in,axis=0))
/cluster/home/zhuyin/scripts/spice-line-fits/linefit_modules/util.py:94: RuntimeWarning: Mean of empty slice
  signal = np.nanmean(signal_cube,axis=(0,2))
/cluster/home/zhuyin/scripts/spice-line-fits/linefit_modules/util.py:92: RuntimeWarning: All-NaN slice encountered
  spice_dat = copy.deepcopy(spice_dat_in) - np.nanmean(np.nanmin(spice_dat_in,axis=0))
/cluster/home/zhuyin/scripts/spice-line-fits/linefit_modules/util.py:94: RuntimeWarning: Mean of empty slice
  signal = np.nanmean(signal_cube,axis=(0,2))
/cluster/home/zhuyin/scripts/spice-line-fits/linefit_modules/util.py:92: RuntimeWarning: All-NaN slice encountered
  spice_dat = copy.deepcopy(spice_dat_in) - np.nanmean(np.nanmin(spice_dat_in,axis=0))
/cluster/home/zhuyin/scripts/spice-line-fits/linefit_modules/util.py:92: RuntimeWarning: All-NaN slice encountered
  spice_dat = copy.deepcopy(spice_dat_in) - np.nanmean(np.nanmin(spice_dat_in,axis=0))
/cluster/home/zhuyin/scripts/spice-line-fits/linefit_modules/util.py:92: RuntimeWarning: All-NaN slice encountered
  spice_dat = copy.deepcopy(spice_dat_in) - np.nanmean(np.nanmin(spice_dat_in,axis=0))
/cluster/home/zhuyin/scripts/spice-line-fits/linefit_modules/util.py:94: RuntimeWarning: Mean of empty slice
  signal = np.nanmean(signal_cube,axis=(0,2))
/cluster/home/zhuyin/scripts/spice-line-fits/linefit_modules/util.py:94: RuntimeWarning: Mean of empty slice
  signal = np.nanmean(signal_cube,axis=(0,2))
/cluster/home/zhuyin/scripts/spice-line-fits/linefit_modules/util.py:94: RuntimeWarning: Mean of empty slice
  signal = np.nanmean(signal_cube,axis=(0,2))
/cluster/home/zhuyin/scripts/spice-line-fits/linefit_modules/util.py:92: RuntimeWarning: All-NaN slice encountered
  spice_dat = copy.deepcopy(spice_dat_in) - np.nanmean(np.nanmin(spice_dat_in,axis=0))
/cluster/home/zhuyin/scripts/spice-line-fits/linefit_modules/util.py:92: RuntimeWarning: All-NaN slice encountered
  spice_dat = copy.deepcopy(spice_dat_in) - np.nanmean(np.nanmin(spice_dat_in,axis=0))
/cluster/home/zhuyin/scripts/spice-line-fits/linefit_modules/util.py:94: RuntimeWarning: Mean of empty slice
  signal = np.nanmean(signal_cube,axis=(0,2))
/cluster/home/zhuyin/scripts/spice-line-fits/linefit_modules/util.py:94: RuntimeWarning: Mean of empty slice
  signal = np.nanmean(signal_cube,axis=(0,2))
/cluster/home/zhuyin/scripts/spice-line-fits/linefit_modules/util.py:92: RuntimeWarning: All-NaN slice encountered
  spice_dat = copy.deepcopy(spice_dat_in) - np.nanmean(np.nanmin(spice_dat_in,axis=0))
/cluster/home/zhuyin/scripts/spice-line-fits/linefit_modules/util.py:94: RuntimeWarning: Mean of empty slice
  signal = np.nanmean(signal_cube,axis=(0,2))
/cluster/home/zhuyin/scripts/spice-line-fits/linefit_modules/util.py:92: RuntimeWarning: All-NaN slice encountered
  spice_dat = copy.deepcopy(spice_dat_in) - np.nanmean(np.nanmin(spice_dat_in,axis=0))
/cluster/home/zhuyin/scripts/spice-line-fits/linefit_modules/util.py:94: RuntimeWarning: Mean of empty slice
  signal = np.nanmean(signal_cube,axis=(0,2))
/cluster/home/zhuyin/scripts/spice-line-fits/linefit_modules/util.py:92: RuntimeWarning: All-NaN slice encountered
  spice_dat = copy.deepcopy(spice_dat_in) - np.nanmean(np.nanmin(spice_dat_in,axis=0))
/cluster/home/zhuyin/scripts/spice-line-fits/linefit_modules/util.py:94: RuntimeWarning: Mean of empty slice
  signal = np.nanmean(signal_cube,axis=(0,2))
/cluster/home/zhuyin/scripts/spice-line-fits/linefit_modules/util.py:92: RuntimeWarning: All-NaN slice encountered
  spice_dat = copy.deepcopy(spice_dat_in) - np.nanmean(np.nanmin(spice_dat_in,axis=0))
/cluster/home/zhuyin/scripts/spice-line-fits/linefit_modules/util.py:94: RuntimeWarning: Mean of empty slice
  signal = np.nanmean(signal_cube,axis=(0,2))
/cluster/home/zhuyin/scripts/spice-line-fits/linefit_modules/util.py:92: RuntimeWarning: All-NaN slice encountered
  spice_dat = copy.deepcopy(spice_dat_in) - np.nanmean(np.nanmin(spice_dat_in,axis=0))
/cluster/home/zhuyin/scripts/spice-line-fits/linefit_modules/util.py:94: RuntimeWarning: Mean of empty slice
  signal = np.nanmean(signal_cube,axis=(0,2))
/cluster/home/zhuyin/scripts/spice-line-fits/linefit_modules/util.py:92: RuntimeWarning: All-NaN slice encountered
  spice_dat = copy.deepcopy(spice_dat_in) - np.nanmean(np.nanmin(spice_dat_in,axis=0))
/cluster/home/zhuyin/scripts/spice-line-fits/linefit_modules/util.py:94: RuntimeWarning: Mean of empty slice
  signal = np.nanmean(signal_cube,axis=(0,2))
/cluster/home/zhuyin/scripts/spice-line-fits/linefit_modules/util.py:92: RuntimeWarning: All-NaN slice encountered
  spice_dat = copy.deepcopy(spice_dat_in) - np.nanmean(np.nanmin(spice_dat_in,axis=0))
/cluster/home/zhuyin/scripts/spice-line-fits/linefit_modules/util.py:94: RuntimeWarning: Mean of empty slice
  signal = np.nanmean(signal_cube,axis=(0,2))
/cluster/home/zhuyin/scripts/spice-line-fits/linefit_modules/util.py:92: RuntimeWarning: All-NaN slice encountered
  spice_dat = copy.deepcopy(spice_dat_in) - np.nanmean(np.nanmin(spice_dat_in,axis=0))
/cluster/home/zhuyin/scripts/spice-line-fits/linefit_modules/util.py:92: RuntimeWarning: All-NaN slice encountered
  spice_dat = copy.deepcopy(spice_dat_in) - np.nanmean(np.nanmin(spice_dat_in,axis=0))
/cluster/home/zhuyin/scripts/spice-line-fits/linefit_modules/util.py:94: RuntimeWarning: Mean of empty slice
  signal = np.nanmean(signal_cube,axis=(0,2))
/cluster/home/zhuyin/scripts/spice-line-fits/linefit_modules/util.py:94: RuntimeWarning: Mean of empty slice
  signal = np.nanmean(signal_cube,axis=(0,2))
/cluster/home/zhuyin/scripts/spice-line-fits/linefit_modules/util.py:92: RuntimeWarning: All-NaN slice encountered
  spice_dat = copy.deepcopy(spice_dat_in) - np.nanmean(np.nanmin(spice_dat_in,axis=0))
/cluster/home/zhuyin/scripts/spice-line-fits/linefit_modules/util.py:94: RuntimeWarning: Mean of empty slice
  signal = np.nanmean(signal_cube,axis=(0,2))
/cluster/home/zhuyin/scripts/spice-line-fits/linefit_modules/util.py:92: RuntimeWarning: All-NaN slice encountered
  spice_dat = copy.deepcopy(spice_dat_in) - np.nanmean(np.nanmin(spice_dat_in,axis=0))
/cluster/home/zhuyin/scripts/spice-line-fits/linefit_modules/util.py:94: RuntimeWarning: Mean of empty slice
  signal = np.nanmean(signal_cube,axis=(0,2))
/cluster/home/zhuyin/scripts/spice-line-fits/linefit_modules/util.py:92: RuntimeWarning: All-NaN slice encountered
  spice_dat = copy.deepcopy(spice_dat_in) - np.nanmean(np.nanmin(spice_dat_in,axis=0))
/cluster/home/zhuyin/scripts/spice-line-fits/linefit_modules/util.py:94: RuntimeWarning: Mean of empty slice
  signal = np.nanmean(signal_cube,axis=(0,2))
/cluster/home/zhuyin/scripts/spice-line-fits/linefit_modules/util.py:92: RuntimeWarning: All-NaN slice encountered
  spice_dat = copy.deepcopy(spice_dat_in) - np.nanmean(np.nanmin(spice_dat_in,axis=0))
/cluster/home/zhuyin/scripts/spice-line-fits/linefit_modules/util.py:94: RuntimeWarning: Mean of empty slice
  signal = np.nanmean(signal_cube,axis=(0,2))
/cluster/home/zhuyin/scripts/spice-line-fits/linefit_modules/util.py:92: RuntimeWarning: All-NaN slice encountered
  spice_dat = copy.deepcopy(spice_dat_in) - np.nanmean(np.nanmin(spice_dat_in,axis=0))
/cluster/home/zhuyin/scripts/spice-line-fits/linefit_modules/util.py:94: RuntimeWarning: Mean of empty slice
  signal = np.nanmean(signal_cube,axis=(0,2))
/cluster/home/zhuyin/scripts/spice-line-fits/linefit_modules/util.py:92: RuntimeWarning: All-NaN slice encountered
  spice_dat = copy.deepcopy(spice_dat_in) - np.nanmean(np.nanmin(spice_dat_in,axis=0))
/cluster/home/zhuyin/scripts/spice-line-fits/linefit_modules/util.py:94: RuntimeWarning: Mean of empty slice
  signal = np.nanmean(signal_cube,axis=(0,2))
/cluster/home/zhuyin/scripts/spice-line-fits/linefit_modules/util.py:92: RuntimeWarning: All-NaN slice encountered
  spice_dat = copy.deepcopy(spice_dat_in) - np.nanmean(np.nanmin(spice_dat_in,axis=0))
/cluster/home/zhuyin/scripts/spice-line-fits/linefit_modules/util.py:94: RuntimeWarning: Mean of empty slice
  signal = np.nanmean(signal_cube,axis=(0,2))
/cluster/home/zhuyin/scripts/spice-line-fits/linefit_modules/util.py:92: RuntimeWarning: All-NaN slice encountered
  spice_dat = copy.deepcopy(spice_dat_in) - np.nanmean(np.nanmin(spice_dat_in,axis=0))
/cluster/home/zhuyin/scripts/spice-line-fits/linefit_modules/util.py:94: RuntimeWarning: Mean of empty slice
  signal = np.nanmean(signal_cube,axis=(0,2))
/cluster/home/zhuyin/scripts/spice-line-fits/linefit_modules/util.py:92: RuntimeWarning: All-NaN slice encountered
  spice_dat = copy.deepcopy(spice_dat_in) - np.nanmean(np.nanmin(spice_dat_in,axis=0))
/cluster/home/zhuyin/scripts/spice-line-fits/linefit_modules/util.py:94: RuntimeWarning: Mean of empty slice
  signal = np.nanmean(signal_cube,axis=(0,2))
/cluster/home/zhuyin/scripts/spice-line-fits/linefit_modules/util.py:92: RuntimeWarning: All-NaN slice encountered
  spice_dat = copy.deepcopy(spice_dat_in) - np.nanmean(np.nanmin(spice_dat_in,axis=0))
/cluster/home/zhuyin/scripts/spice-line-fits/linefit_modules/util.py:94: RuntimeWarning: Mean of empty slice
  signal = np.nanmean(signal_cube,axis=(0,2))
/cluster/home/zhuyin/scripts/spice-line-fits/linefit_modules/util.py:92: RuntimeWarning: All-NaN slice encountered
  spice_dat = copy.deepcopy(spice_dat_in) - np.nanmean(np.nanmin(spice_dat_in,axis=0))
/cluster/home/zhuyin/scripts/spice-line-fits/linefit_modules/util.py:92: RuntimeWarning: All-NaN slice encountered
  spice_dat = copy.deepcopy(spice_dat_in) - np.nanmean(np.nanmin(spice_dat_in,axis=0))
/cluster/home/zhuyin/scripts/spice-line-fits/linefit_modules/util.py:94: RuntimeWarning: Mean of empty slice
  signal = np.nanmean(signal_cube,axis=(0,2))
/cluster/home/zhuyin/scripts/spice-line-fits/linefit_modules/util.py:94: RuntimeWarning: Mean of empty slice
  signal = np.nanmean(signal_cube,axis=(0,2))
/cluster/home/zhuyin/scripts/spice-line-fits/linefit_modules/util.py:92: RuntimeWarning: All-NaN slice encountered
  spice_dat = copy.deepcopy(spice_dat_in) - np.nanmean(np.nanmin(spice_dat_in,axis=0))
/cluster/home/zhuyin/scripts/spice-line-fits/linefit_modules/util.py:92: RuntimeWarning: All-NaN slice encountered
  spice_dat = copy.deepcopy(spice_dat_in) - np.nanmean(np.nanmin(spice_dat_in,axis=0))
/cluster/home/zhuyin/scripts/spice-line-fits/linefit_modules/util.py:94: RuntimeWarning: Mean of empty slice
  signal = np.nanmean(signal_cube,axis=(0,2))
/cluster/home/zhuyin/scripts/spice-line-fits/linefit_modules/util.py:92: RuntimeWarning: All-NaN slice encountered
  spice_dat = copy.deepcopy(spice_dat_in) - np.nanmean(np.nanmin(spice_dat_in,axis=0))
/cluster/home/zhuyin/scripts/spice-line-fits/linefit_modules/util.py:92: RuntimeWarning: All-NaN slice encountered
  spice_dat = copy.deepcopy(spice_dat_in) - np.nanmean(np.nanmin(spice_dat_in,axis=0))
/cluster/home/zhuyin/scripts/spice-line-fits/linefit_modules/util.py:94: RuntimeWarning: Mean of empty slice
  signal = np.nanmean(signal_cube,axis=(0,2))
/cluster/home/zhuyin/scripts/spice-line-fits/linefit_modules/util.py:94: RuntimeWarning: Mean of empty slice
  signal = np.nanmean(signal_cube,axis=(0,2))
/cluster/home/zhuyin/scripts/spice-line-fits/linefit_modules/util.py:94: RuntimeWarning: Mean of empty slice
  signal = np.nanmean(signal_cube,axis=(0,2))
/cluster/home/zhuyin/scripts/spice-line-fits/linefit_modules/util.py:92: RuntimeWarning: All-NaN slice encountered
  spice_dat = copy.deepcopy(spice_dat_in) - np.nanmean(np.nanmin(spice_dat_in,axis=0))
/cluster/home/zhuyin/scripts/spice-line-fits/linefit_modules/util.py:94: RuntimeWarning: Mean of empty slice
  signal = np.nanmean(signal_cube,axis=(0,2))
/cluster/home/zhuyin/scripts/spice-line-fits/linefit_modules/util.py:92: RuntimeWarning: All-NaN slice encountered
  spice_dat = copy.deepcopy(spice_dat_in) - np.nanmean(np.nanmin(spice_dat_in,axis=0))
/cluster/home/zhuyin/scripts/spice-line-fits/linefit_modules/util.py:94: RuntimeWarning: Mean of empty slice
  signal = np.nanmean(signal_cube,axis=(0,2))
/cluster/home/zhuyin/scripts/spice-line-fits/linefit_modules/util.py:92: RuntimeWarning: All-NaN slice encountered
  spice_dat = copy.deepcopy(spice_dat_in) - np.nanmean(np.nanmin(spice_dat_in,axis=0))
/cluster/home/zhuyin/scripts/spice-line-fits/linefit_modules/util.py:94: RuntimeWarning: Mean of empty slice
  signal = np.nanmean(signal_cube,axis=(0,2))
/cluster/home/zhuyin/scripts/spice-line-fits/linefit_modules/util.py:92: RuntimeWarning: All-NaN slice encountered
  spice_dat = copy.deepcopy(spice_dat_in) - np.nanmean(np.nanmin(spice_dat_in,axis=0))
/cluster/home/zhuyin/scripts/spice-line-fits/linefit_modules/util.py:92: RuntimeWarning: All-NaN slice encountered
  spice_dat = copy.deepcopy(spice_dat_in) - np.nanmean(np.nanmin(spice_dat_in,axis=0))
/cluster/home/zhuyin/scripts/spice-line-fits/linefit_modules/util.py:94: RuntimeWarning: Mean of empty slice
  signal = np.nanmean(signal_cube,axis=(0,2))
/cluster/home/zhuyin/scripts/spice-line-fits/linefit_modules/util.py:94: RuntimeWarning: Mean of empty slice
  signal = np.nanmean(signal_cube,axis=(0,2))
/cluster/home/zhuyin/scripts/spice-line-fits/linefit_modules/util.py:92: RuntimeWarning: All-NaN slice encountered
  spice_dat = copy.deepcopy(spice_dat_in) - np.nanmean(np.nanmin(spice_dat_in,axis=0))
/cluster/home/zhuyin/scripts/spice-line-fits/linefit_modules/util.py:94: RuntimeWarning: Mean of empty slice
  signal = np.nanmean(signal_cube,axis=(0,2))
/cluster/home/zhuyin/scripts/spice-line-fits/linefit_modules/util.py:92: RuntimeWarning: All-NaN slice encountered
  spice_dat = copy.deepcopy(spice_dat_in) - np.nanmean(np.nanmin(spice_dat_in,axis=0))
/cluster/home/zhuyin/scripts/spice-line-fits/linefit_modules/util.py:94: RuntimeWarning: Mean of empty slice
  signal = np.nanmean(signal_cube,axis=(0,2))
/cluster/home/zhuyin/scripts/spice-line-fits/linefit_modules/util.py:92: RuntimeWarning: All-NaN slice encountered
  spice_dat = copy.deepcopy(spice_dat_in) - np.nanmean(np.nanmin(spice_dat_in,axis=0))
/cluster/home/zhuyin/scripts/spice-line-fits/linefit_modules/util.py:94: RuntimeWarning: Mean of empty slice
  signal = np.nanmean(signal_cube,axis=(0,2))
/cluster/home/zhuyin/scripts/spice-line-fits/linefit_modules/util.py:92: RuntimeWarning: All-NaN slice encountered
  spice_dat = copy.deepcopy(spice_dat_in) - np.nanmean(np.nanmin(spice_dat_in,axis=0))
/cluster/home/zhuyin/scripts/spice-line-fits/linefit_modules/util.py:94: RuntimeWarning: Mean of empty slice
  signal = np.nanmean(signal_cube,axis=(0,2))
/cluster/home/zhuyin/scripts/spice-line-fits/linefit_modules/util.py:92: RuntimeWarning: All-NaN slice encountered
  spice_dat = copy.deepcopy(spice_dat_in) - np.nanmean(np.nanmin(spice_dat_in,axis=0))
/cluster/home/zhuyin/scripts/spice-line-fits/linefit_modules/util.py:94: RuntimeWarning: Mean of empty slice
  signal = np.nanmean(signal_cube,axis=(0,2))
/cluster/home/zhuyin/scripts/spice-line-fits/linefit_modules/util.py:92: RuntimeWarning: All-NaN slice encountered
  spice_dat = copy.deepcopy(spice_dat_in) - np.nanmean(np.nanmin(spice_dat_in,axis=0))
/cluster/home/zhuyin/scripts/spice-line-fits/linefit_modules/util.py:94: RuntimeWarning: Mean of empty slice
  signal = np.nanmean(signal_cube,axis=(0,2))
/cluster/home/zhuyin/scripts/spice-line-fits/linefit_modules/util.py:92: RuntimeWarning: All-NaN slice encountered
  spice_dat = copy.deepcopy(spice_dat_in) - np.nanmean(np.nanmin(spice_dat_in,axis=0))
/cluster/home/zhuyin/scripts/spice-line-fits/linefit_modules/util.py:94: RuntimeWarning: Mean of empty slice
  signal = np.nanmean(signal_cube,axis=(0,2))
/cluster/home/zhuyin/scripts/spice-line-fits/linefit_modules/util.py:92: RuntimeWarning: All-NaN slice encountered
  spice_dat = copy.deepcopy(spice_dat_in) - np.nanmean(np.nanmin(spice_dat_in,axis=0))
/cluster/home/zhuyin/scripts/spice-line-fits/linefit_modules/util.py:94: RuntimeWarning: Mean of empty slice
  signal = np.nanmean(signal_cube,axis=(0,2))
/cluster/home/zhuyin/scripts/spice-line-fits/linefit_modules/util.py:92: RuntimeWarning: All-NaN slice encountered
  spice_dat = copy.deepcopy(spice_dat_in) - np.nanmean(np.nanmin(spice_dat_in,axis=0))
/cluster/home/zhuyin/scripts/spice-line-fits/linefit_modules/util.py:92: RuntimeWarning: All-NaN slice encountered
  spice_dat = copy.deepcopy(spice_dat_in) - np.nanmean(np.nanmin(spice_dat_in,axis=0))
/cluster/home/zhuyin/scripts/spice-line-fits/linefit_modules/util.py:92: RuntimeWarning: All-NaN slice encountered
  spice_dat = copy.deepcopy(spice_dat_in) - np.nanmean(np.nanmin(spice_dat_in,axis=0))
/cluster/home/zhuyin/scripts/spice-line-fits/linefit_modules/util.py:94: RuntimeWarning: Mean of empty slice
  signal = np.nanmean(signal_cube,axis=(0,2))
/cluster/home/zhuyin/scripts/spice-line-fits/linefit_modules/util.py:94: RuntimeWarning: Mean of empty slice
  signal = np.nanmean(signal_cube,axis=(0,2))
/cluster/home/zhuyin/scripts/spice-line-fits/linefit_modules/util.py:94: RuntimeWarning: Mean of empty slice
  signal = np.nanmean(signal_cube,axis=(0,2))
/cluster/home/zhuyin/scripts/spice-line-fits/linefit_modules/util.py:92: RuntimeWarning: All-NaN slice encountered
  spice_dat = copy.deepcopy(spice_dat_in) - np.nanmean(np.nanmin(spice_dat_in,axis=0))
/cluster/home/zhuyin/scripts/spice-line-fits/linefit_modules/util.py:92: RuntimeWarning: All-NaN slice encountered
  spice_dat = copy.deepcopy(spice_dat_in) - np.nanmean(np.nanmin(spice_dat_in,axis=0))
/cluster/home/zhuyin/scripts/spice-line-fits/linefit_modules/util.py:94: RuntimeWarning: Mean of empty slice
  signal = np.nanmean(signal_cube,axis=(0,2))
/cluster/home/zhuyin/scripts/spice-line-fits/linefit_modules/util.py:94: RuntimeWarning: Mean of empty slice
  signal = np.nanmean(signal_cube,axis=(0,2))
/cluster/home/zhuyin/scripts/spice-line-fits/linefit_modules/util.py:92: RuntimeWarning: All-NaN slice encountered
  spice_dat = copy.deepcopy(spice_dat_in) - np.nanmean(np.nanmin(spice_dat_in,axis=0))
/cluster/home/zhuyin/scripts/spice-line-fits/linefit_modules/util.py:94: RuntimeWarning: Mean of empty slice
  signal = np.nanmean(signal_cube,axis=(0,2))
/cluster/home/zhuyin/scripts/spice-line-fits/linefit_modules/util.py:92: RuntimeWarning: All-NaN slice encountered
  spice_dat = copy.deepcopy(spice_dat_in) - np.nanmean(np.nanmin(spice_dat_in,axis=0))
/cluster/home/zhuyin/scripts/spice-line-fits/linefit_modules/util.py:94: RuntimeWarning: Mean of empty slice
  signal = np.nanmean(signal_cube,axis=(0,2))
/cluster/home/zhuyin/scripts/spice-line-fits/linefit_modules/util.py:92: RuntimeWarning: All-NaN slice encountered
  spice_dat = copy.deepcopy(spice_dat_in) - np.nanmean(np.nanmin(spice_dat_in,axis=0))
/cluster/home/zhuyin/scripts/spice-line-fits/linefit_modules/util.py:94: RuntimeWarning: Mean of empty slice
  signal = np.nanmean(signal_cube,axis=(0,2))
/cluster/home/zhuyin/scripts/spice-line-fits/linefit_modules/util.py:92: RuntimeWarning: All-NaN slice encountered
  spice_dat = copy.deepcopy(spice_dat_in) - np.nanmean(np.nanmin(spice_dat_in,axis=0))
/cluster/home/zhuyin/scripts/spice-line-fits/linefit_modules/util.py:94: RuntimeWarning: Mean of empty slice
  signal = np.nanmean(signal_cube,axis=(0,2))
/cluster/home/zhuyin/scripts/spice-line-fits/linefit_modules/util.py:92: RuntimeWarning: All-NaN slice encountered
  spice_dat = copy.deepcopy(spice_dat_in) - np.nanmean(np.nanmin(spice_dat_in,axis=0))
/cluster/home/zhuyin/scripts/spice-line-fits/linefit_modules/util.py:94: RuntimeWarning: Mean of empty slice
  signal = np.nanmean(signal_cube,axis=(0,2))
/cluster/home/zhuyin/scripts/spice-line-fits/linefit_modules/util.py:92: RuntimeWarning: All-NaN slice encountered
  spice_dat = copy.deepcopy(spice_dat_in) - np.nanmean(np.nanmin(spice_dat_in,axis=0))
/cluster/home/zhuyin/scripts/spice-line-fits/linefit_modules/util.py:92: RuntimeWarning: All-NaN slice encountered
  spice_dat = copy.deepcopy(spice_dat_in) - np.nanmean(np.nanmin(spice_dat_in,axis=0))
/cluster/home/zhuyin/scripts/spice-line-fits/linefit_modules/util.py:94: RuntimeWarning: Mean of empty slice
  signal = np.nanmean(signal_cube,axis=(0,2))
/cluster/home/zhuyin/scripts/spice-line-fits/linefit_modules/util.py:94: RuntimeWarning: Mean of empty slice
  signal = np.nanmean(signal_cube,axis=(0,2))
/cluster/home/zhuyin/scripts/spice-line-fits/linefit_modules/util.py:92: RuntimeWarning: All-NaN slice encountered
  spice_dat = copy.deepcopy(spice_dat_in) - np.nanmean(np.nanmin(spice_dat_in,axis=0))
/cluster/home/zhuyin/scripts/spice-line-fits/linefit_modules/util.py:94: RuntimeWarning: Mean of empty slice
  signal = np.nanmean(signal_cube,axis=(0,2))
/cluster/home/zhuyin/scripts/spice-line-fits/linefit_modules/util.py:92: RuntimeWarning: All-NaN slice encountered
  spice_dat = copy.deepcopy(spice_dat_in) - np.nanmean(np.nanmin(spice_dat_in,axis=0))
/cluster/home/zhuyin/scripts/spice-line-fits/linefit_modules/util.py:94: RuntimeWarning: Mean of empty slice
  signal = np.nanmean(signal_cube,axis=(0,2))
20231026T093152.679_Ne_VIII_770_Peak
