Many modules are hidden in this stack. Use "module --show_hidden spider SOFTWARE" if you are not able to find the required software
Many modules are hidden in this stack. Use "module --show_hidden spider SOFTWARE" if you are not able to find the required software
Filename: /cluster/home/zhuyin/work/spice_psf/spice_data/solo_L2_spice-n-ras_20220404T172032_V22_100664045-000.fits
No.    Name      Ver    Type      Cards   Dimensions   Format
  0  Mg IX 706 - Peak    1 PrimaryHDU     416   (96, 836, 50, 1)   float32   
  1  Ne VIII 770 - Peak    1 ImageHDU       416   (96, 836, 25, 1)   float32   
  2  Ne VIII 780    1 ImageHDU       418   (96, 836, 25, 1)   float32   
  3  S V 786 (Merged)    1 ImageHDU       426   (96, 836, 64, 1)   float32   
  4  C III 977 - Peak    1 ImageHDU       416   (96, 836, 17, 1)   float32   
  5  Ly Beta 1025 (Merged)    1 ImageHDU       423   (96, 836, 31, 1)   float32   
  6  O VI 1032 - Peak    1 ImageHDU       417   (96, 836, 34, 1)   float32   
  7  O VI 1037 (Merged)    1 ImageHDU       424   (96, 836, 62, 1)   float32   
  8  VARIABLE_KEYWORDS    1 BinTableHDU    411   1R x 29C   [96D, 96I, 96I, 96I, 96I, 96I, 96E, 96E, 96E, 96E, 3I, 3I, 3I, 3I, 3J, 3J, 3J, 3J, 2208A, 96D, 96D, 50D, 25D, 25D, 64D, 17D, 31D, 34D, 62D]   
  9  WCSDVARR      1 ImageHDU        28   (96,)   float64   
 10  WCSDVARR      2 ImageHDU        28   (96,)   float64   
 11  SATPIXLIST[Ne VIII 780]    1 BinTableHDU     98   6R x 6C   [1E, 1E, 1E, 1E, 1E, 1E]   
 12  SATPIXLIST[S V 786 - Peak]    1 BinTableHDU     98   168R x 6C   [1E, 1E, 1E, 1E, 1E, 1E]   
[[-5.  -5.  -5.  -5.  -5. ]
 [-2.5 -2.5 -2.5 -2.5 -2.5]
 [ 0.   0.   0.   0.   0. ]
 [ 2.5  2.5  2.5  2.5  2.5]
 [ 5.   5.   5.   5.   5. ]] [[-5.  -2.5  0.   2.5  5. ]
 [-5.  -2.5  0.   2.5  5. ]
 [-5.  -2.5  0.   2.5  5. ]
 [-5.  -2.5  0.   2.5  5. ]
 [-5.  -2.5  0.   2.5  5. ]]
/cluster/home/zhuyin/scripts/spice-line-fits/linefit_modules/util.py:92: RuntimeWarning: All-NaN slice encountered
  spice_dat = copy.deepcopy(spice_dat_in) - np.nanmean(np.nanmin(spice_dat_in,axis=0))
/cluster/home/zhuyin/scripts/spice-line-fits/linefit_modules/util.py:94: RuntimeWarning: Mean of empty slice
  signal = np.nanmean(signal_cube,axis=(0,2))
/cluster/home/zhuyin/scripts/spice-line-fits/linefit_modules/util.py:92: RuntimeWarning: All-NaN slice encountered
  spice_dat = copy.deepcopy(spice_dat_in) - np.nanmean(np.nanmin(spice_dat_in,axis=0))
/cluster/home/zhuyin/scripts/spice-line-fits/linefit_modules/util.py:94: RuntimeWarning: Mean of empty slice
  signal = np.nanmean(signal_cube,axis=(0,2))
/cluster/home/zhuyin/scripts/spice-line-fits/linefit_modules/util.py:92: RuntimeWarning: All-NaN slice encountered
  spice_dat = copy.deepcopy(spice_dat_in) - np.nanmean(np.nanmin(spice_dat_in,axis=0))
/cluster/home/zhuyin/scripts/spice-line-fits/linefit_modules/util.py:92: RuntimeWarning: All-NaN slice encountered
  spice_dat = copy.deepcopy(spice_dat_in) - np.nanmean(np.nanmin(spice_dat_in,axis=0))
/cluster/home/zhuyin/scripts/spice-line-fits/linefit_modules/util.py:94: RuntimeWarning: Mean of empty slice
  signal = np.nanmean(signal_cube,axis=(0,2))
/cluster/home/zhuyin/scripts/spice-line-fits/linefit_modules/util.py:94: RuntimeWarning: Mean of empty slice
  signal = np.nanmean(signal_cube,axis=(0,2))
/cluster/home/zhuyin/scripts/spice-line-fits/linefit_modules/util.py:92: RuntimeWarning: All-NaN slice encountered
  spice_dat = copy.deepcopy(spice_dat_in) - np.nanmean(np.nanmin(spice_dat_in,axis=0))
/cluster/home/zhuyin/scripts/spice-line-fits/linefit_modules/util.py:94: RuntimeWarning: Mean of empty slice
  signal = np.nanmean(signal_cube,axis=(0,2))
/cluster/home/zhuyin/scripts/spice-line-fits/linefit_modules/util.py:92: RuntimeWarning: All-NaN slice encountered
  spice_dat = copy.deepcopy(spice_dat_in) - np.nanmean(np.nanmin(spice_dat_in,axis=0))
/cluster/home/zhuyin/scripts/spice-line-fits/linefit_modules/util.py:94: RuntimeWarning: Mean of empty slice
  signal = np.nanmean(signal_cube,axis=(0,2))
/cluster/home/zhuyin/scripts/spice-line-fits/linefit_modules/util.py:92: RuntimeWarning: All-NaN slice encountered
  spice_dat = copy.deepcopy(spice_dat_in) - np.nanmean(np.nanmin(spice_dat_in,axis=0))
/cluster/home/zhuyin/scripts/spice-line-fits/linefit_modules/util.py:94: RuntimeWarning: Mean of empty slice
  signal = np.nanmean(signal_cube,axis=(0,2))
/cluster/home/zhuyin/scripts/spice-line-fits/linefit_modules/util.py:92: RuntimeWarning: All-NaN slice encountered
  spice_dat = copy.deepcopy(spice_dat_in) - np.nanmean(np.nanmin(spice_dat_in,axis=0))
/cluster/home/zhuyin/scripts/spice-line-fits/linefit_modules/util.py:94: RuntimeWarning: Mean of empty slice
  signal = np.nanmean(signal_cube,axis=(0,2))
/cluster/home/zhuyin/scripts/spice-line-fits/linefit_modules/util.py:92: RuntimeWarning: All-NaN slice encountered
  spice_dat = copy.deepcopy(spice_dat_in) - np.nanmean(np.nanmin(spice_dat_in,axis=0))
/cluster/home/zhuyin/scripts/spice-line-fits/linefit_modules/util.py:94: RuntimeWarning: Mean of empty slice
  signal = np.nanmean(signal_cube,axis=(0,2))
/cluster/home/zhuyin/scripts/spice-line-fits/linefit_modules/util.py:92: RuntimeWarning: All-NaN slice encountered
  spice_dat = copy.deepcopy(spice_dat_in) - np.nanmean(np.nanmin(spice_dat_in,axis=0))
/cluster/home/zhuyin/scripts/spice-line-fits/linefit_modules/util.py:94: RuntimeWarning: Mean of empty slice
  signal = np.nanmean(signal_cube,axis=(0,2))
/cluster/home/zhuyin/scripts/spice-line-fits/linefit_modules/util.py:92: RuntimeWarning: All-NaN slice encountered
  spice_dat = copy.deepcopy(spice_dat_in) - np.nanmean(np.nanmin(spice_dat_in,axis=0))
/cluster/home/zhuyin/scripts/spice-line-fits/linefit_modules/util.py:94: RuntimeWarning: Mean of empty slice
  signal = np.nanmean(signal_cube,axis=(0,2))
/cluster/home/zhuyin/scripts/spice-line-fits/linefit_modules/util.py:92: RuntimeWarning: All-NaN slice encountered
  spice_dat = copy.deepcopy(spice_dat_in) - np.nanmean(np.nanmin(spice_dat_in,axis=0))
/cluster/home/zhuyin/scripts/spice-line-fits/linefit_modules/util.py:94: RuntimeWarning: Mean of empty slice
  signal = np.nanmean(signal_cube,axis=(0,2))
/cluster/home/zhuyin/scripts/spice-line-fits/linefit_modules/util.py:92: RuntimeWarning: All-NaN slice encountered
  spice_dat = copy.deepcopy(spice_dat_in) - np.nanmean(np.nanmin(spice_dat_in,axis=0))
/cluster/home/zhuyin/scripts/spice-line-fits/linefit_modules/util.py:94: RuntimeWarning: Mean of empty slice
  signal = np.nanmean(signal_cube,axis=(0,2))
/cluster/home/zhuyin/scripts/spice-line-fits/linefit_modules/util.py:92: RuntimeWarning: All-NaN slice encountered
  spice_dat = copy.deepcopy(spice_dat_in) - np.nanmean(np.nanmin(spice_dat_in,axis=0))
/cluster/home/zhuyin/scripts/spice-line-fits/linefit_modules/util.py:92: RuntimeWarning: All-NaN slice encountered
  spice_dat = copy.deepcopy(spice_dat_in) - np.nanmean(np.nanmin(spice_dat_in,axis=0))
/cluster/home/zhuyin/scripts/spice-line-fits/linefit_modules/util.py:94: RuntimeWarning: Mean of empty slice
  signal = np.nanmean(signal_cube,axis=(0,2))
/cluster/home/zhuyin/scripts/spice-line-fits/linefit_modules/util.py:94: RuntimeWarning: Mean of empty slice
  signal = np.nanmean(signal_cube,axis=(0,2))
/cluster/home/zhuyin/scripts/spice-line-fits/linefit_modules/util.py:92: RuntimeWarning: All-NaN slice encountered
  spice_dat = copy.deepcopy(spice_dat_in) - np.nanmean(np.nanmin(spice_dat_in,axis=0))
/cluster/home/zhuyin/scripts/spice-line-fits/linefit_modules/util.py:92: RuntimeWarning: All-NaN slice encountered
  spice_dat = copy.deepcopy(spice_dat_in) - np.nanmean(np.nanmin(spice_dat_in,axis=0))
/cluster/home/zhuyin/scripts/spice-line-fits/linefit_modules/util.py:94: RuntimeWarning: Mean of empty slice
  signal = np.nanmean(signal_cube,axis=(0,2))
/cluster/home/zhuyin/scripts/spice-line-fits/linefit_modules/util.py:94: RuntimeWarning: Mean of empty slice
  signal = np.nanmean(signal_cube,axis=(0,2))
/cluster/home/zhuyin/scripts/spice-line-fits/linefit_modules/util.py:92: RuntimeWarning: All-NaN slice encountered
  spice_dat = copy.deepcopy(spice_dat_in) - np.nanmean(np.nanmin(spice_dat_in,axis=0))
/cluster/home/zhuyin/scripts/spice-line-fits/linefit_modules/util.py:94: RuntimeWarning: Mean of empty slice
  signal = np.nanmean(signal_cube,axis=(0,2))
/cluster/home/zhuyin/scripts/spice-line-fits/linefit_modules/util.py:92: RuntimeWarning: All-NaN slice encountered
  spice_dat = copy.deepcopy(spice_dat_in) - np.nanmean(np.nanmin(spice_dat_in,axis=0))
/cluster/home/zhuyin/scripts/spice-line-fits/linefit_modules/util.py:94: RuntimeWarning: Mean of empty slice
  signal = np.nanmean(signal_cube,axis=(0,2))
/cluster/home/zhuyin/scripts/spice-line-fits/linefit_modules/util.py:92: RuntimeWarning: All-NaN slice encountered
  spice_dat = copy.deepcopy(spice_dat_in) - np.nanmean(np.nanmin(spice_dat_in,axis=0))
/cluster/home/zhuyin/scripts/spice-line-fits/linefit_modules/util.py:94: RuntimeWarning: Mean of empty slice
  signal = np.nanmean(signal_cube,axis=(0,2))
/cluster/home/zhuyin/scripts/spice-line-fits/linefit_modules/util.py:92: RuntimeWarning: All-NaN slice encountered
  spice_dat = copy.deepcopy(spice_dat_in) - np.nanmean(np.nanmin(spice_dat_in,axis=0))
/cluster/home/zhuyin/scripts/spice-line-fits/linefit_modules/util.py:94: RuntimeWarning: Mean of empty slice
  signal = np.nanmean(signal_cube,axis=(0,2))
/cluster/home/zhuyin/scripts/spice-line-fits/linefit_modules/util.py:92: RuntimeWarning: All-NaN slice encountered
  spice_dat = copy.deepcopy(spice_dat_in) - np.nanmean(np.nanmin(spice_dat_in,axis=0))
/cluster/home/zhuyin/scripts/spice-line-fits/linefit_modules/util.py:94: RuntimeWarning: Mean of empty slice
  signal = np.nanmean(signal_cube,axis=(0,2))
/cluster/home/zhuyin/scripts/spice-line-fits/linefit_modules/util.py:92: RuntimeWarning: All-NaN slice encountered
  spice_dat = copy.deepcopy(spice_dat_in) - np.nanmean(np.nanmin(spice_dat_in,axis=0))
/cluster/home/zhuyin/scripts/spice-line-fits/linefit_modules/util.py:92: RuntimeWarning: All-NaN slice encountered
  spice_dat = copy.deepcopy(spice_dat_in) - np.nanmean(np.nanmin(spice_dat_in,axis=0))
/cluster/home/zhuyin/scripts/spice-line-fits/linefit_modules/util.py:94: RuntimeWarning: Mean of empty slice
  signal = np.nanmean(signal_cube,axis=(0,2))
/cluster/home/zhuyin/scripts/spice-line-fits/linefit_modules/util.py:94: RuntimeWarning: Mean of empty slice
  signal = np.nanmean(signal_cube,axis=(0,2))
/cluster/home/zhuyin/scripts/spice-line-fits/linefit_modules/util.py:92: RuntimeWarning: All-NaN slice encountered
  spice_dat = copy.deepcopy(spice_dat_in) - np.nanmean(np.nanmin(spice_dat_in,axis=0))
/cluster/home/zhuyin/scripts/spice-line-fits/linefit_modules/util.py:94: RuntimeWarning: Mean of empty slice
  signal = np.nanmean(signal_cube,axis=(0,2))
/cluster/home/zhuyin/scripts/spice-line-fits/linefit_modules/util.py:92: RuntimeWarning: All-NaN slice encountered
  spice_dat = copy.deepcopy(spice_dat_in) - np.nanmean(np.nanmin(spice_dat_in,axis=0))
/cluster/home/zhuyin/scripts/spice-line-fits/linefit_modules/util.py:94: RuntimeWarning: Mean of empty slice
  signal = np.nanmean(signal_cube,axis=(0,2))
/cluster/home/zhuyin/scripts/spice-line-fits/linefit_modules/util.py:92: RuntimeWarning: All-NaN slice encountered
  spice_dat = copy.deepcopy(spice_dat_in) - np.nanmean(np.nanmin(spice_dat_in,axis=0))
/cluster/home/zhuyin/scripts/spice-line-fits/linefit_modules/util.py:94: RuntimeWarning: Mean of empty slice
  signal = np.nanmean(signal_cube,axis=(0,2))
/cluster/home/zhuyin/scripts/spice-line-fits/linefit_modules/util.py:92: RuntimeWarning: All-NaN slice encountered
  spice_dat = copy.deepcopy(spice_dat_in) - np.nanmean(np.nanmin(spice_dat_in,axis=0))
/cluster/home/zhuyin/scripts/spice-line-fits/linefit_modules/util.py:94: RuntimeWarning: Mean of empty slice
  signal = np.nanmean(signal_cube,axis=(0,2))
/cluster/home/zhuyin/scripts/spice-line-fits/linefit_modules/util.py:92: RuntimeWarning: All-NaN slice encountered
  spice_dat = copy.deepcopy(spice_dat_in) - np.nanmean(np.nanmin(spice_dat_in,axis=0))
/cluster/home/zhuyin/scripts/spice-line-fits/linefit_modules/util.py:94: RuntimeWarning: Mean of empty slice
  signal = np.nanmean(signal_cube,axis=(0,2))
/cluster/home/zhuyin/scripts/spice-line-fits/linefit_modules/util.py:92: RuntimeWarning: All-NaN slice encountered
  spice_dat = copy.deepcopy(spice_dat_in) - np.nanmean(np.nanmin(spice_dat_in,axis=0))
/cluster/home/zhuyin/scripts/spice-line-fits/linefit_modules/util.py:92: RuntimeWarning: All-NaN slice encountered
  spice_dat = copy.deepcopy(spice_dat_in) - np.nanmean(np.nanmin(spice_dat_in,axis=0))
/cluster/home/zhuyin/scripts/spice-line-fits/linefit_modules/util.py:94: RuntimeWarning: Mean of empty slice
  signal = np.nanmean(signal_cube,axis=(0,2))
/cluster/home/zhuyin/scripts/spice-line-fits/linefit_modules/util.py:94: RuntimeWarning: Mean of empty slice
  signal = np.nanmean(signal_cube,axis=(0,2))
/cluster/home/zhuyin/scripts/spice-line-fits/linefit_modules/util.py:92: RuntimeWarning: All-NaN slice encountered
  spice_dat = copy.deepcopy(spice_dat_in) - np.nanmean(np.nanmin(spice_dat_in,axis=0))
/cluster/home/zhuyin/scripts/spice-line-fits/linefit_modules/util.py:92: RuntimeWarning: All-NaN slice encountered
  spice_dat = copy.deepcopy(spice_dat_in) - np.nanmean(np.nanmin(spice_dat_in,axis=0))
/cluster/home/zhuyin/scripts/spice-line-fits/linefit_modules/util.py:94: RuntimeWarning: Mean of empty slice
  signal = np.nanmean(signal_cube,axis=(0,2))
/cluster/home/zhuyin/scripts/spice-line-fits/linefit_modules/util.py:94: RuntimeWarning: Mean of empty slice
  signal = np.nanmean(signal_cube,axis=(0,2))
/cluster/home/zhuyin/scripts/spice-line-fits/linefit_modules/util.py:92: RuntimeWarning: All-NaN slice encountered
  spice_dat = copy.deepcopy(spice_dat_in) - np.nanmean(np.nanmin(spice_dat_in,axis=0))
/cluster/home/zhuyin/scripts/spice-line-fits/linefit_modules/util.py:94: RuntimeWarning: Mean of empty slice
  signal = np.nanmean(signal_cube,axis=(0,2))
/cluster/home/zhuyin/scripts/spice-line-fits/linefit_modules/util.py:92: RuntimeWarning: All-NaN slice encountered
  spice_dat = copy.deepcopy(spice_dat_in) - np.nanmean(np.nanmin(spice_dat_in,axis=0))
/cluster/home/zhuyin/scripts/spice-line-fits/linefit_modules/util.py:92: RuntimeWarning: All-NaN slice encountered
  spice_dat = copy.deepcopy(spice_dat_in) - np.nanmean(np.nanmin(spice_dat_in,axis=0))
/cluster/home/zhuyin/scripts/spice-line-fits/linefit_modules/util.py:94: RuntimeWarning: Mean of empty slice
  signal = np.nanmean(signal_cube,axis=(0,2))
/cluster/home/zhuyin/scripts/spice-line-fits/linefit_modules/util.py:94: RuntimeWarning: Mean of empty slice
  signal = np.nanmean(signal_cube,axis=(0,2))
/cluster/home/zhuyin/scripts/spice-line-fits/linefit_modules/util.py:92: RuntimeWarning: All-NaN slice encountered
  spice_dat = copy.deepcopy(spice_dat_in) - np.nanmean(np.nanmin(spice_dat_in,axis=0))
/cluster/home/zhuyin/scripts/spice-line-fits/linefit_modules/util.py:94: RuntimeWarning: Mean of empty slice
  signal = np.nanmean(signal_cube,axis=(0,2))
/cluster/home/zhuyin/scripts/spice-line-fits/linefit_modules/util.py:92: RuntimeWarning: All-NaN slice encountered
  spice_dat = copy.deepcopy(spice_dat_in) - np.nanmean(np.nanmin(spice_dat_in,axis=0))
/cluster/home/zhuyin/scripts/spice-line-fits/linefit_modules/util.py:94: RuntimeWarning: Mean of empty slice
  signal = np.nanmean(signal_cube,axis=(0,2))
/cluster/home/zhuyin/scripts/spice-line-fits/linefit_modules/util.py:92: RuntimeWarning: All-NaN slice encountered
  spice_dat = copy.deepcopy(spice_dat_in) - np.nanmean(np.nanmin(spice_dat_in,axis=0))
/cluster/home/zhuyin/scripts/spice-line-fits/linefit_modules/util.py:94: RuntimeWarning: Mean of empty slice
  signal = np.nanmean(signal_cube,axis=(0,2))
/cluster/home/zhuyin/scripts/spice-line-fits/linefit_modules/util.py:92: RuntimeWarning: All-NaN slice encountered
  spice_dat = copy.deepcopy(spice_dat_in) - np.nanmean(np.nanmin(spice_dat_in,axis=0))
/cluster/home/zhuyin/scripts/spice-line-fits/linefit_modules/util.py:94: RuntimeWarning: Mean of empty slice
  signal = np.nanmean(signal_cube,axis=(0,2))
/cluster/home/zhuyin/scripts/spice-line-fits/linefit_modules/util.py:92: RuntimeWarning: All-NaN slice encountered
  spice_dat = copy.deepcopy(spice_dat_in) - np.nanmean(np.nanmin(spice_dat_in,axis=0))
/cluster/home/zhuyin/scripts/spice-line-fits/linefit_modules/util.py:92: RuntimeWarning: All-NaN slice encountered
  spice_dat = copy.deepcopy(spice_dat_in) - np.nanmean(np.nanmin(spice_dat_in,axis=0))
/cluster/home/zhuyin/scripts/spice-line-fits/linefit_modules/util.py:94: RuntimeWarning: Mean of empty slice
  signal = np.nanmean(signal_cube,axis=(0,2))
/cluster/home/zhuyin/scripts/spice-line-fits/linefit_modules/util.py:94: RuntimeWarning: Mean of empty slice
  signal = np.nanmean(signal_cube,axis=(0,2))
/cluster/home/zhuyin/scripts/spice-line-fits/linefit_modules/util.py:92: RuntimeWarning: All-NaN slice encountered
  spice_dat = copy.deepcopy(spice_dat_in) - np.nanmean(np.nanmin(spice_dat_in,axis=0))
/cluster/home/zhuyin/scripts/spice-line-fits/linefit_modules/util.py:92: RuntimeWarning: All-NaN slice encountered
  spice_dat = copy.deepcopy(spice_dat_in) - np.nanmean(np.nanmin(spice_dat_in,axis=0))
/cluster/home/zhuyin/scripts/spice-line-fits/linefit_modules/util.py:94: RuntimeWarning: Mean of empty slice
  signal = np.nanmean(signal_cube,axis=(0,2))
/cluster/home/zhuyin/scripts/spice-line-fits/linefit_modules/util.py:94: RuntimeWarning: Mean of empty slice
  signal = np.nanmean(signal_cube,axis=(0,2))
/cluster/home/zhuyin/scripts/spice-line-fits/linefit_modules/util.py:92: RuntimeWarning: All-NaN slice encountered
  spice_dat = copy.deepcopy(spice_dat_in) - np.nanmean(np.nanmin(spice_dat_in,axis=0))
/cluster/home/zhuyin/scripts/spice-line-fits/linefit_modules/util.py:94: RuntimeWarning: Mean of empty slice
  signal = np.nanmean(signal_cube,axis=(0,2))
/cluster/home/zhuyin/scripts/spice-line-fits/linefit_modules/util.py:92: RuntimeWarning: All-NaN slice encountered
  spice_dat = copy.deepcopy(spice_dat_in) - np.nanmean(np.nanmin(spice_dat_in,axis=0))
/cluster/home/zhuyin/scripts/spice-line-fits/linefit_modules/util.py:94: RuntimeWarning: Mean of empty slice
  signal = np.nanmean(signal_cube,axis=(0,2))
/cluster/home/zhuyin/scripts/spice-line-fits/linefit_modules/util.py:92: RuntimeWarning: All-NaN slice encountered
  spice_dat = copy.deepcopy(spice_dat_in) - np.nanmean(np.nanmin(spice_dat_in,axis=0))
/cluster/home/zhuyin/scripts/spice-line-fits/linefit_modules/util.py:94: RuntimeWarning: Mean of empty slice
  signal = np.nanmean(signal_cube,axis=(0,2))
/cluster/home/zhuyin/scripts/spice-line-fits/linefit_modules/util.py:92: RuntimeWarning: All-NaN slice encountered
  spice_dat = copy.deepcopy(spice_dat_in) - np.nanmean(np.nanmin(spice_dat_in,axis=0))
/cluster/home/zhuyin/scripts/spice-line-fits/linefit_modules/util.py:94: RuntimeWarning: Mean of empty slice
  signal = np.nanmean(signal_cube,axis=(0,2))
/cluster/home/zhuyin/scripts/spice-line-fits/linefit_modules/util.py:92: RuntimeWarning: All-NaN slice encountered
  spice_dat = copy.deepcopy(spice_dat_in) - np.nanmean(np.nanmin(spice_dat_in,axis=0))
/cluster/home/zhuyin/scripts/spice-line-fits/linefit_modules/util.py:94: RuntimeWarning: Mean of empty slice
  signal = np.nanmean(signal_cube,axis=(0,2))
/cluster/home/zhuyin/scripts/spice-line-fits/linefit_modules/util.py:92: RuntimeWarning: All-NaN slice encountered
  spice_dat = copy.deepcopy(spice_dat_in) - np.nanmean(np.nanmin(spice_dat_in,axis=0))
/cluster/home/zhuyin/scripts/spice-line-fits/linefit_modules/util.py:94: RuntimeWarning: Mean of empty slice
  signal = np.nanmean(signal_cube,axis=(0,2))
/cluster/home/zhuyin/scripts/spice-line-fits/linefit_modules/util.py:92: RuntimeWarning: All-NaN slice encountered
  spice_dat = copy.deepcopy(spice_dat_in) - np.nanmean(np.nanmin(spice_dat_in,axis=0))
/cluster/home/zhuyin/scripts/spice-line-fits/linefit_modules/util.py:94: RuntimeWarning: Mean of empty slice
  signal = np.nanmean(signal_cube,axis=(0,2))
/cluster/home/zhuyin/scripts/spice-line-fits/linefit_modules/util.py:92: RuntimeWarning: All-NaN slice encountered
  spice_dat = copy.deepcopy(spice_dat_in) - np.nanmean(np.nanmin(spice_dat_in,axis=0))
/cluster/home/zhuyin/scripts/spice-line-fits/linefit_modules/util.py:94: RuntimeWarning: Mean of empty slice
  signal = np.nanmean(signal_cube,axis=(0,2))
/cluster/home/zhuyin/scripts/spice-line-fits/linefit_modules/util.py:92: RuntimeWarning: All-NaN slice encountered
  spice_dat = copy.deepcopy(spice_dat_in) - np.nanmean(np.nanmin(spice_dat_in,axis=0))
/cluster/home/zhuyin/scripts/spice-line-fits/linefit_modules/util.py:94: RuntimeWarning: Mean of empty slice
  signal = np.nanmean(signal_cube,axis=(0,2))
/cluster/home/zhuyin/scripts/spice-line-fits/linefit_modules/util.py:92: RuntimeWarning: All-NaN slice encountered
  spice_dat = copy.deepcopy(spice_dat_in) - np.nanmean(np.nanmin(spice_dat_in,axis=0))
/cluster/home/zhuyin/scripts/spice-line-fits/linefit_modules/util.py:94: RuntimeWarning: Mean of empty slice
  signal = np.nanmean(signal_cube,axis=(0,2))
/cluster/home/zhuyin/scripts/spice-line-fits/linefit_modules/util.py:92: RuntimeWarning: All-NaN slice encountered
  spice_dat = copy.deepcopy(spice_dat_in) - np.nanmean(np.nanmin(spice_dat_in,axis=0))
/cluster/home/zhuyin/scripts/spice-line-fits/linefit_modules/util.py:94: RuntimeWarning: Mean of empty slice
  signal = np.nanmean(signal_cube,axis=(0,2))
/cluster/home/zhuyin/scripts/spice-line-fits/linefit_modules/util.py:92: RuntimeWarning: All-NaN slice encountered
  spice_dat = copy.deepcopy(spice_dat_in) - np.nanmean(np.nanmin(spice_dat_in,axis=0))
/cluster/home/zhuyin/scripts/spice-line-fits/linefit_modules/util.py:94: RuntimeWarning: Mean of empty slice
  signal = np.nanmean(signal_cube,axis=(0,2))
/cluster/home/zhuyin/scripts/spice-line-fits/linefit_modules/util.py:92: RuntimeWarning: All-NaN slice encountered
  spice_dat = copy.deepcopy(spice_dat_in) - np.nanmean(np.nanmin(spice_dat_in,axis=0))
/cluster/home/zhuyin/scripts/spice-line-fits/linefit_modules/util.py:94: RuntimeWarning: Mean of empty slice
  signal = np.nanmean(signal_cube,axis=(0,2))
/cluster/home/zhuyin/scripts/spice-line-fits/linefit_modules/util.py:92: RuntimeWarning: All-NaN slice encountered
  spice_dat = copy.deepcopy(spice_dat_in) - np.nanmean(np.nanmin(spice_dat_in,axis=0))
/cluster/home/zhuyin/scripts/spice-line-fits/linefit_modules/util.py:94: RuntimeWarning: Mean of empty slice
  signal = np.nanmean(signal_cube,axis=(0,2))
/cluster/home/zhuyin/scripts/spice-line-fits/linefit_modules/util.py:92: RuntimeWarning: All-NaN slice encountered
  spice_dat = copy.deepcopy(spice_dat_in) - np.nanmean(np.nanmin(spice_dat_in,axis=0))
/cluster/home/zhuyin/scripts/spice-line-fits/linefit_modules/util.py:94: RuntimeWarning: Mean of empty slice
  signal = np.nanmean(signal_cube,axis=(0,2))
/cluster/home/zhuyin/scripts/spice-line-fits/linefit_modules/util.py:92: RuntimeWarning: All-NaN slice encountered
  spice_dat = copy.deepcopy(spice_dat_in) - np.nanmean(np.nanmin(spice_dat_in,axis=0))
/cluster/home/zhuyin/scripts/spice-line-fits/linefit_modules/util.py:94: RuntimeWarning: Mean of empty slice
  signal = np.nanmean(signal_cube,axis=(0,2))
/cluster/home/zhuyin/scripts/spice-line-fits/linefit_modules/util.py:92: RuntimeWarning: All-NaN slice encountered
  spice_dat = copy.deepcopy(spice_dat_in) - np.nanmean(np.nanmin(spice_dat_in,axis=0))
/cluster/home/zhuyin/scripts/spice-line-fits/linefit_modules/util.py:94: RuntimeWarning: Mean of empty slice
  signal = np.nanmean(signal_cube,axis=(0,2))
20220404T172032.709_C_III_977_Peak
